I/art     ( 1444): Background sticky concurrent mark sweep GC freed 6654(632KB) AllocSpace objects, 0(0B) LOS objects, 28% free, 1726KB/2MB, paused 51.169ms total 67.763ms
I/MmsService( 1444): mReceiver action: android.intent.action.ACTION_SUBINFO_CONTENT_CHANGE
I/Telephony( 1444): PstnIncomingCallNotifier: Unregistering: Handler (com.android.internal.telephony.gsm.GSMPhone) {3da5a09b}
I/MmsService( 1444): MmsConfigManager.loadInBackground(): mcc/mnc: 310/260
I/MmsService( 1444): MmsConfigManager.load -- mcc/mnc for sub: {mSubId=1, mIccId=89014103211118510720 mSlotId=0 mDisplayName=SUB 01 mNameSource=0 mColor=0 mNumber=15555215554 mDisplayNumberFormat=1 mDataRoaming=0 mSimIconRes=[I@2892bd55 mMcc 310 mMnc 260}
V/MmsService( 1444): MmsConfig: mUserAgent=, mUaProfUrl=
D/MmsService( 1444): MmsConfig.loadFromResources
V/MmsService( 1444): MmsConfig: all settings -- {smsToMmsTextThreshold=-1, httpParams=, maxImageWidth=2592, enabledMMS=true, maxImageHeight=1944, aliasEnabled=false, maxMessageSize=1048576, enableMMSReadReports=false, recipientLimit=2147483647, enabledNotifyWapMMSC=false, maxSubjectLength=40, smsToMmsTextLengthThreshold=-1, enableMMSDeliveryReports=false, uaProfTagName=x-wap-profile, enableMultipartSMS=true, aliasMinChars=2, supportMmsContentDisposition=true, allowAttachAudio=true, sendMultipartSmsAsSeparateMessages=false, maxMessageTextSize=-1, emailGatewayNumber=, enableGroupMms=true, aliasMaxChars=48, httpSocketTimeout=60000, config_cellBroadcastAppLinks=true, userAgent=, naiSuffix=, uaProfUrl=, enableSMSDeliveryReports=true, enabledTransID=false}
D/GpsLocationProvider( 1244): received SIM realted action: android.intent.action.ACTION_SUBINFO_CONTENT_CHANGE
D/GpsLocationProvider( 1244): SIM MCC/MNC is available: 310260
D/GpsLocationProvider( 1244): Reset GPS properties, previous size = 5
D/GpsLocationProvider( 1244): GpsParamsResource: SUPL_HOST=supl.google.com
D/GpsLocationProvider( 1244): GpsParamsResource: SUPL_PORT=7275
D/GpsLocationProvider( 1244): GpsParamsResource: NTP_SERVER=north-america.pool.ntp.org
D/GpsLocationProvider( 1244): GpsParamsResource: SUPL_VER=0x20000
D/GpsLocationProvider( 1244): GpsParamsResource: SUPL_MODE=1
W/GpsLocationProvider( 1244): Could not open GPS configuration file /etc/gps.conf
D/GpsLocationProvider( 1244): GPS properties reloaded, size = 5
E/GpsLocationProvider( 1244): no AGPS interface in set_agps_server
E/GpsLocationProvider( 1244): no GPS configuration interface in configuraiton_update
D/GpsLocationProvider( 1244): final config = #Tue Jan 20 14:53:49 PST 2015
D/GpsLocationProvider( 1244): SUPL_VER=0x20000
D/GpsLocationProvider( 1244): SUPL_HOST=supl.google.com
D/GpsLocationProvider( 1244): NTP_SERVER=north-america.pool.ntp.org
D/GpsLocationProvider( 1244): SUPL_PORT=7275
D/GpsLocationProvider( 1244): SUPL_MODE=1
I/Telephony( 1444): PstnIncomingCallNotifier: Registering: Handler (com.android.internal.telephony.gsm.GSMPhone) {3da5a09b}
D/MccTable( 1444): updateMccMncConfiguration mccmnc='310260' fromServiceState=false
D/MccTable( 1444): updateMccMncConfiguration defaultMccMnc=310260
D/MccTable( 1444): updateMccMncConfiguration: mcc=310, mnc=260
D/MccTable( 1444): getLocaleFromMcc to en_us mcc=310
D/MccTable( 1444): getLocaleForLanguageCountry: skipping already persisted
D/MccTable( 1444): updateMccMncConfiguration updateConfig config={1.0 310mcc260mnc ?locale ?layoutDir ?swdp ?wdp ?hdp ?density ?lsize ?long ?orien ?uimode ?night ?touch ?keyb/?/? ?nav/?}
V/OtaStartupReceiver( 1444): onOtaspChanged: mOtaspMode=3
D/ConnectivityService( 1244): registerNetworkAgent NetworkAgentInfo{ ni{[type: MOBILE[UMTS], state: CONNECTED/CONNECTED, reason: connected, extra: epc.tmobile.com, roaming: false, failover: false, isAvailable: true, isConnectedToProvisioningNetwork: false]}  network{null}  lp{{InterfaceName: eth0 LinkAddresses: [10.0.2.15/32,]  Routes: [0.0.0.0/0 -> 10.0.2.2 eth0,] DnsAddresses: [10.0.2.3,10.0.2.4,] Domains: null MTU: 1440 TcpBufferSizes: 58254,349525,1048576,58254,349525,1048576}}  nc{[ Transports: CELLULAR Capabilities: MMS&SUPL&FOTA&IMS&CBS&IA&INTERNET&NOT_RESTRICTED&TRUSTED&NOT_VPN LinkUpBandwidth>=384Kbps LinkDnBandwidth>=384Kbps]}  Score{10} validated{false} created{false} explicitlySelected{false} }
D/ConnectivityService( 1244): NetworkAgentInfo [MOBILE (UMTS) - 100] EVENT_NETWORK_INFO_CHANGED, going from null to CONNECTED
D/ConnectivityService( 1244): Adding iface eth0 to network 100
I/MmsService( 1444): mReceiver action: android.intent.action.ACTION_SUBINFO_CONTENT_CHANGE
I/Telephony( 1444): PstnIncomingCallNotifier: Unregistering: Handler (com.android.internal.telephony.gsm.GSMPhone) {3da5a09b}
I/MmsService( 1444): MmsConfigManager.loadInBackground(): mcc/mnc: 310/260
D/ConnectivityService( 1244): Setting MTU size: eth0, 1440
D/ConnectivityService( 1244): Adding Route [0.0.0.0/0 -> 10.0.2.2 eth0] to network 100
D/ConnectivityService( 1244): Setting Dns servers for network 100 to [/10.0.2.3, /10.0.2.4]
D/Nat464Xlat( 1244): requiresClat: netType=0, connected=true, hasIPv4Address=true
D/ConnectivityService( 1244): notifyType IP_CHANGED for NetworkAgentInfo [MOBILE (UMTS) - 100]
D/ConnectivityService( 1244): notifyType PRECHECK for NetworkAgentInfo [MOBILE (UMTS) - 100]
D/NetworkMonitorNetworkAgentInfo [MOBILE (UMTS) - null]( 1244): DefaultState{ when=-1ms what=532481 target=com.android.internal.util.StateMachine$SmHandler }
D/NetworkMonitorNetworkAgentInfo [MOBILE (UMTS) - null]( 1244): Connected
D/NetworkMonitorNetworkAgentInfo [MOBILE (UMTS) - null]( 1244): EvaluatingState{ when=-2ms what=532486 arg1=1 target=com.android.internal.util.StateMachine$SmHandler }
D/NetworkMonitorNetworkAgentInfo [MOBILE (UMTS) - null]( 1244): Checking http://clients3.google.com/generate_204 on epc.tmobile.com
D/ConnectivityService( 1244): rematching NetworkAgentInfo [MOBILE (UMTS) - 100]
D/ConnectivityService( 1244):    accepting network in place of null
D/ConnectivityService( 1244): Setting tx/rx TCP buffers to 58254,349525,1048576,58254,349525,1048576
I/Telephony( 1444): PstnIncomingCallNotifier: Registering: Handler (com.android.internal.telephony.gsm.GSMPhone) {3da5a09b}
D/CSLegacyTypeTracker( 1244): Sending connected broadcast for type 0 NetworkAgentInfo [MOBILE (UMTS) - 100] isDefaultNetwork=true
D/ConnectivityService( 1244): sendStickyBroadcast: action=android.net.conn.CONNECTIVITY_CHANGE_IMMEDIATE
D/ConnectivityService( 1244): Switching to new default network: NetworkAgentInfo{ ni{[type: MOBILE[UMTS], state: CONNECTED/CONNECTED, reason: connected, extra: epc.tmobile.com, roaming: false, failover: false, isAvailable: true, isConnectedToProvisioningNetwork: false]}  network{100}  lp{{InterfaceName: eth0 LinkAddresses: [10.0.2.15/32,]  Routes: [0.0.0.0/0 -> 10.0.2.2 eth0,] DnsAddresses: [10.0.2.3,10.0.2.4,] Domains: null MTU: 1440 TcpBufferSizes: 58254,349525,1048576,58254,349525,1048576}}  nc{[ Transports: CELLULAR Capabilities: MMS&SUPL&FOTA&IMS&CBS&IA&INTERNET&NOT_RESTRICTED&TRUSTED&NOT_VPN LinkUpBandwidth>=384Kbps LinkDnBandwidth>=384Kbps]}  Score{10} validated{false} created{true} explicitlySelected{false} }
W/iptables( 2081): type=1400 audit(0.0:11): avc: denied { module_request } for kmod="ipt_IDLETIMER" scontext=u:r:netd:s0 tcontext=u:r:kernel:s0 tclass=system permissive=0
D/GpsLocationProvider( 1244): received SIM realted action: android.intent.action.ACTION_SUBINFO_CONTENT_CHANGE
D/GpsLocationProvider( 1244): SIM MCC/MNC is available: 310260
D/GpsLocationProvider( 1244): Reset GPS properties, previous size = 5
D/GpsLocationProvider( 1244): GpsParamsResource: SUPL_HOST=supl.google.com
D/GpsLocationProvider( 1244): GpsParamsResource: SUPL_PORT=7275
D/GpsLocationProvider( 1244): GpsParamsResource: NTP_SERVER=north-america.pool.ntp.org
D/GpsLocationProvider( 1244): GpsParamsResource: SUPL_VER=0x20000
D/GpsLocationProvider( 1244): GpsParamsResource: SUPL_MODE=1
W/GpsLocationProvider( 1244): Could not open GPS configuration file /etc/gps.conf
D/GpsLocationProvider( 1244): GPS properties reloaded, size = 5
E/GpsLocationProvider( 1244): no AGPS interface in set_agps_server
E/GpsLocationProvider( 1244): no GPS configuration interface in configuraiton_update
D/GpsLocationProvider( 1244): final config = #Tue Jan 20 14:53:49 PST 2015
D/GpsLocationProvider( 1244): SUPL_VER=0x20000
D/GpsLocationProvider( 1244): SUPL_HOST=supl.google.com
D/GpsLocationProvider( 1244): NTP_SERVER=north-america.pool.ntp.org
D/GpsLocationProvider( 1244): SUPL_PORT=7275
D/GpsLocationProvider( 1244): SUPL_MODE=1
D/GpsLocationProvider( 1244): received SIM realted action: android.intent.action.SIM_STATE_CHANGED
D/GpsLocationProvider( 1244): SIM MCC/MNC is available: 310260
D/GpsLocationProvider( 1244): Reset GPS properties, previous size = 5
D/GpsLocationProvider( 1244): GpsParamsResource: SUPL_HOST=supl.google.com
D/GpsLocationProvider( 1244): GpsParamsResource: SUPL_PORT=7275
D/GpsLocationProvider( 1244): GpsParamsResource: NTP_SERVER=north-america.pool.ntp.org
D/GpsLocationProvider( 1244): GpsParamsResource: SUPL_VER=0x20000
D/GpsLocationProvider( 1244): GpsParamsResource: SUPL_MODE=1
W/GpsLocationProvider( 1244): Could not open GPS configuration file /etc/gps.conf
D/GpsLocationProvider( 1244): GPS properties reloaded, size = 5
E/GpsLocationProvider( 1244): no AGPS interface in set_agps_server
E/GpsLocationProvider( 1244): no GPS configuration interface in configuraiton_update
D/GpsLocationProvider( 1244): final config = #Tue Jan 20 14:53:49 PST 2015
D/GpsLocationProvider( 1244): SUPL_VER=0x20000
D/GpsLocationProvider( 1244): SUPL_HOST=supl.google.com
D/GpsLocationProvider( 1244): NTP_SERVER=north-america.pool.ntp.org
D/GpsLocationProvider( 1244): SUPL_PORT=7275
D/GpsLocationProvider( 1244): SUPL_MODE=1
W/ip6tables( 2082): type=1400 audit(0.0:12): avc: denied { module_request } for kmod="ip6t_IDLETIMER" scontext=u:r:netd:s0 tcontext=u:r:kernel:s0 tclass=system permissive=0
V/IdletimerController(  938): runCmd(/system/bin/ip6tables -t raw -A idletimer_raw_PREROUTING -i eth0 -j IDLETIMER --timeout 5 --label 0 --send_nl_msg 1) res_ipv4=1, res_ipv6=1
E/ConnectivityService( 1244): Exception in setupDataActivityTracking java.lang.IllegalStateException: command '16 idletimer add eth0 5 0' failed with '400 16 Failed to add interface'
D/ConnectivityService( 1244): notifyType AVAILABLE for NetworkAgentInfo [MOBILE (UMTS) - 100]
D/ConnectivityManager.CallbackHandler( 1326): CM callback handler got msg 524290
D/NetworkMonitorNetworkAgentInfo [MOBILE (UMTS) - null]( 1244): isCaptivePortal: ret=204 headers={null=[HTTP/1.1 204 No Content], Content-Length=[0], Content-Type=[text/html; charset=UTF-8], Date=[Tue, 20 Jan 2015 22:54:34 GMT], Server=[GFE/2.0], X-Android-Received-Millis=[1421794429568], X-Android-Response-Source=[NETWORK 204], X-Android-Sent-Millis=[1421794429564]}
D/NetworkMonitorNetworkAgentInfo [MOBILE (UMTS) - null]( 1244): Don't send network conditions - lacking user consent.
D/NetworkMonitorNetworkAgentInfo [MOBILE (UMTS) - null]( 1244): Validated
D/ConnectivityService( 1244): Validated NetworkAgentInfo [MOBILE (UMTS) - 100]
D/ConnectivityService( 1244): rematching NetworkAgentInfo [MOBILE (UMTS) - 100]
D/ConnectivityService( 1244): Network NetworkAgentInfo [MOBILE (UMTS) - 100] was already satisfying request 1. No change.
D/ConnectivityService( 1244): notifyType AVAILABLE for NetworkAgentInfo [MOBILE (UMTS) - 100]
D/ConnectivityService( 1244): sendStickyBroadcast: action=android.net.conn.INET_CONDITION_ACTION
D/ConnectivityManager.CallbackHandler( 1326): CM callback handler got msg 524290
I/MmsService( 1444): MmsConfigManager.load -- mcc/mnc for sub: {mSubId=1, mIccId=89014103211118510720 mSlotId=0 mDisplayName=SUB 01 mNameSource=0 mColor=0 mNumber=15555215554 mDisplayNumberFormat=1 mDataRoaming=0 mSimIconRes=[I@198b83c3 mMcc 310 mMnc 260}
V/MmsService( 1444): MmsConfig: mUserAgent=, mUaProfUrl=
D/MmsService( 1444): MmsConfig.loadFromResources
V/MmsService( 1444): MmsConfig: all settings -- {smsToMmsTextThreshold=-1, httpParams=, maxImageWidth=2592, enabledMMS=true, maxImageHeight=1944, aliasEnabled=false, maxMessageSize=1048576, enableMMSReadReports=false, recipientLimit=2147483647, enabledNotifyWapMMSC=false, maxSubjectLength=40, smsToMmsTextLengthThreshold=-1, enableMMSDeliveryReports=false, uaProfTagName=x-wap-profile, enableMultipartSMS=true, aliasMinChars=2, supportMmsContentDisposition=true, allowAttachAudio=true, sendMultipartSmsAsSeparateMessages=false, maxMessageTextSize=-1, emailGatewayNumber=, enableGroupMms=true, aliasMaxChars=48, httpSocketTimeout=60000, config_cellBroadcastAppLinks=true, userAgent=, naiSuffix=, uaProfUrl=, enableSMSDeliveryReports=true, enabledTransID=false}
D/ConnectivityService( 1244): setProvNotificationVisible: E visible=false networkType=0 action=com.android.internal.telephony.PROVISION0
D/ConnectivityService( 1244): setProvNotificationVisibleIntent: E visible=false networkType=0 extraInfo=null
D/CountryDetector( 1244): The first listener is added
W/MediaScanner( 1376): Error opening directory '/oem/media/', skipping: No such file or directory.
D/TaskPersister( 1244): removeObsoleteFile: deleting file=22_task.xml
V/Mms     ( 2050): mnc/mcc: 310260
V/Mms     ( 2050): tag: bool value: enabledMMS - true
V/Mms     ( 2050): tag: int value: maxMessageSize - 307200
V/Mms     ( 2050): tag: int value: maxImageHeight - 480
V/Mms     ( 2050): tag: int value: maxImageWidth - 640
V/Mms     ( 2050): tag: int value: defaultSMSMessagesPerThread - 10000
V/Mms     ( 2050): tag: int value: defaultMMSMessagesPerThread - 1000
V/Mms     ( 2050): tag: int value: minMessageCountPerThread - 10
V/Mms     ( 2050): tag: int value: maxMessageCountPerThread - 5000
V/Mms     ( 2050): tag: string value: uaProfUrl - http://www.google.com/oha/rdf/ua-profile-kila.xml
V/Mms     ( 2050): tag: int value: recipientLimit - -1
V/Mms     ( 2050): tag: bool value: enableMultipartSMS - true
V/Mms     ( 2050): tag: int value: smsToMmsTextThreshold - -1
V/Mms     ( 2050): tag: bool value: enableSlideDuration - true
V/Mms     ( 2050): tag: int value: maxMessageTextSize - -1
D/MmsSmsDatabaseHelper( 1444): [MmsSmsDb] tableName: threads hasAutoIncrement: CREATE TABLE threads (_id INTEGER PRIMARY KEY AUTOINCREMENT,date INTEGER DEFAULT 0,message_count INTEGER DEFAULT 0,recipient_ids TEXT,snippet TEXT,snippet_cs INTEGER DEFAULT 0,read INTEGER DEFAULT 1,archived INTEGER DEFAULT 0,type INTEGER DEFAULT 0,error INTEGER DEFAULT 0,has_attachment INTEGER DEFAULT 0) result: true
D/MmsSmsDatabaseHelper( 1444): [MmsSmsDb] tableName: canonical_addresses hasAutoIncrement: CREATE TABLE canonical_addresses (_id INTEGER PRIMARY KEY AUTOINCREMENT,address TEXT) result: true
D/MmsSmsDatabaseHelper( 1444): [MmsSmsDb] tableName: part hasAutoIncrement: CREATE TABLE part (_id INTEGER PRIMARY KEY AUTOINCREMENT,mid INTEGER,seq INTEGER DEFAULT 0,ct TEXT,name TEXT,chset INTEGER,cd TEXT,fn TEXT,cid TEXT,cl TEXT,ctt_s INTEGER,ctt_t TEXT,_data TEXT,text TEXT) result: true
D/MmsSmsDatabaseHelper( 1444): [MmsSmsDb] tableName: pdu hasAutoIncrement: CREATE TABLE pdu (_id INTEGER PRIMARY KEY AUTOINCREMENT,thread_id INTEGER,date INTEGER,date_sent INTEGER DEFAULT 0,msg_box INTEGER,read INTEGER DEFAULT 0,m_id TEXT,sub TEXT,sub_cs INTEGER,ct_t TEXT,ct_l TEXT,exp INTEGER,m_cls TEXT,m_type INTEGER,v INTEGER,m_size INTEGER,pri INTEGER,rr INTEGER,rpt_a INTEGER,resp_st INTEGER,st INTEGER,tr_id TEXT,retr_st INTEGER,retr_txt TEXT,retr_txt_cs INTEGER,read_status INTEGER,ct_cls INTEGER,resp_txt TEXT,d_tm INTEGER,d_rpt INTEGER,locked INTEGER DEFAULT 0,sub_id INTEGER DEFAULT -1, seen INTEGER DEFAULT 0,creator TEXT,text_only INTEGER DEFAULT 0) result: true
D/MmsSmsDatabaseHelper( 1444): [getWritableDatabase] hasAutoIncrementThreads: true hasAutoIncrementAddresses: true hasAutoIncrementPart: true hasAutoIncrementPdu: true
D/Mms     ( 2050): cancelNotification
D/Mms     ( 2050): cancelNotification
V/MediaScanner( 1376): pruneDeadThumbnailFiles... android.database.sqlite.SQLiteCursor@3bab966
V/MediaScanner( 1376): /pruneDeadThumbnailFiles... android.database.sqlite.SQLiteCursor@3bab966
I/SystemUpdateService( 1736): receiver: Intent { act=android.intent.action.BOOT_COMPLETED flg=0x8000010 cmp=com.google.android.gms/.update.SystemUpdateService$Receiver (has extras) }
I/art     ( 1736): Background sticky concurrent mark sweep GC freed 2171(199KB) AllocSpace objects, 4(64KB) LOS objects, 8% free, 2MB/2MB, paused 12.325ms total 41.789ms
D/SystemUpdateService( 1736): onCreate
D/SystemUpdateService( 1736): onStartCommand: intent: Intent { cmp=com.google.android.gms/.update.SystemUpdateService (has extras) }
I/ConfigFetchService( 1736): PackageReceiver: Intent { act=android.intent.action.BOOT_COMPLETED flg=0x8000010 cmp=com.google.android.gms/.config.ConfigFetchService$PackageReceiver (has extras) }
I/ConfigService( 1718): onCreate
I/ConfigService( 1718): onBind for Intent { act=com.google.android.gms.config.UPDATE pkg=com.google.android.gms } action com.google.android.gms.config.UPDATE
I/SystemUpdateService( 1736): cancelUpdate (empty URL)
I/SystemUpdateService( 1736): active receiver: disabled
I/ConfigFetchService( 1736): onStartCommand Intent { act=android.intent.action.BOOT_COMPLETED cmp=com.google.android.gms/.config.ConfigFetchService (has extras) }
I/ConfigFetchService( 1736): launchTask
I/EventLogService( 1736): Aggregate from 1421792965794 (log), 1421792285307 (data)
I/ConfigService( 1718): onBind returning update interface
I/ConfigService( 1718): onBind for Intent { act=com.google.android.gms.config.START pkg=com.google.android.gms } action com.google.android.gms.config.START
I/ConfigService( 1718): onBind returning config service
D/SystemUpdateService( 1736): onDestroy
I/ConfigFetchService( 1736): service connected
I/ConfigClient( 1736): service connected
I/ConfigFetchService( 1736): connected = true
I/ConfigFetchService( 1736): self-hosted config:fetch_interval = 43200
I/art     ( 1244): Explicit concurrent mark sweep GC freed 12210(940KB) AllocSpace objects, 7(500KB) LOS objects, 30% free, 9MB/13MB, paused 1.252ms total 38.804ms
V/GLSUser ( 1718): [LoginAccountsChangedWakefulBroadcastReceiver] recieved broadcast intent with action: android.intent.action.BOOT_COMPLETED
D/GCM     ( 1736): COMPAT: Multi user not supported
V/ConfigFetchTask( 1736): ConfigFetchTask getDeviceDataVersionInfo(): ABFEt1U3tL8lRD3r5EvOHqnT_Y_x3ZxuzUKVyJ-XROpkUtKEdfv-K0E0B8MOANP2n5dCsCLi3GnMJd0Nbv2PjB3COQj68PKBWt8qajgfoBF50z31xDfd-EcqYp7fo-P-YBE1fDGL0cgjWHYYmC-fyY06yudECLEWz0TaOAe4H7Ms2p9JJllHVrkmXO0k81RsV-rNlWpjeKLG2PDfyHJagaN3j6EIDXkT_yo-G_W-lDkezG9exd9UX91IAUoJf7u2QzpNAKCflzhk1sNzc2mWQ-poXTcXTph-a_I68GEqcW9EnUJTjzPisZs
I/GoogleHttpClient( 1736): Falling back to old SSLCertificateSocketFactory
V/GLSUser ( 1718): [ AccountStateSummary ] - get() - <StoredState>[isConsistent= true, expectedNames=null, expectedHmacs=*****]
V/GLSUser ( 1718): AccountStateSummary - No changes.
I/art     ( 1718): Background sticky concurrent mark sweep GC freed 8916(971KB) AllocSpace objects, 4(64KB) LOS objects, 27% free, 2MB/3MB, paused 14.497ms total 192.557ms
I/art     ( 1718): WaitForGcToComplete blocked for 46.029ms for cause Explicit
V/AuthZen ( 1736): Handling intent: android.intent.action.BOOT_COMPLETED
I/GCoreUlr( 1736): Starting service, intent=Intent { act=com.google.android.location.reporting.ACTION_UPDATE_WORLD cmp=com.google.android.gms/com.google.android.location.reporting.service.DispatchingService (has extras) }, extras=Bundle[{receiverAction=android.intent.action.BOOT_COMPLETED}]
I/art     ( 1718): Explicit concurrent mark sweep GC freed 1217(92KB) AllocSpace objects, 2(32KB) LOS objects, 40% free, 2MB/4MB, paused 1.295ms total 72.293ms
D/GCM     ( 1718): COMPAT: Multi user not supported
W/SQLiteConnectionPool( 1718): A SQLiteConnection object for database '/data/user/0/com.google.android.gsf/databases/gservices.db' was leaked!  Please fix your application to end transactions in progress properly and to close the database when it is no longer needed.
E/StrictMode( 1718): A resource was acquired at attached stack trace but never released. See java.io.Closeable for information on avoiding resource leaks.
E/StrictMode( 1718): java.lang.Throwable: Explicit termination method 'close' not called
E/StrictMode( 1718): 	at dalvik.system.CloseGuard.open(CloseGuard.java:184)
E/StrictMode( 1718): 	at android.database.sqlite.SQLiteConnection.<init>(SQLiteConnection.java:170)
E/StrictMode( 1718): 	at android.database.sqlite.SQLiteConnection.open(SQLiteConnection.java:190)
E/StrictMode( 1718): 	at android.database.sqlite.SQLiteConnectionPool.openConnectionLocked(SQLiteConnectionPool.java:463)
E/StrictMode( 1718): 	at android.database.sqlite.SQLiteConnectionPool.open(SQLiteConnectionPool.java:185)
E/StrictMode( 1718): 	at android.database.sqlite.SQLiteConnectionPool.open(SQLiteConnectionPool.java:177)
E/StrictMode( 1718): 	at android.database.sqlite.SQLiteDatabase.openInner(SQLiteDatabase.java:806)
E/StrictMode( 1718): 	at android.database.sqlite.SQLiteDatabase.open(SQLiteDatabase.java:791)
E/StrictMode( 1718): 	at android.database.sqlite.SQLiteDatabase.openDatabase(SQLiteDatabase.java:694)
E/StrictMode( 1718): 	at android.app.ContextImpl.openOrCreateDatabase(ContextImpl.java:1142)
E/StrictMode( 1718): 	at android.content.ContextWrapper.openOrCreateDatabase(ContextWrapper.java:267)
E/StrictMode( 1718): 	at android.database.sqlite.SQLiteOpenHelper.getDatabaseLocked(SQLiteOpenHelper.java:223)
E/StrictMode( 1718): 	at android.database.sqlite.SQLiteOpenHelper.getWritableDatabase(SQLiteOpenHelper.java:163)
E/StrictMode( 1718): 	at com.google.android.gsf.gservices.GservicesProvider.computeLocalDigestAndUpdateValues(GservicesProvider.java:450)
E/StrictMode( 1718): 	at com.google.android.gsf.gservices.GservicesProvider.onCreate(GservicesProvider.java:185)
E/StrictMode( 1718): 	at android.content.ContentProvider.attachInfo(ContentProvider.java:1686)
E/StrictMode( 1718): 	at android.content.ContentProvider.attachInfo(ContentProvider.java:1655)
E/StrictMode( 1718): 	at android.app.ActivityThread.installProvider(ActivityThread.java:4964)
E/StrictMode( 1718): 	at android.app.ActivityThread.installContentProviders(ActivityThread.java:4559)
E/StrictMode( 1718): 	at android.app.ActivityThread.handleBindApplication(ActivityThread.java:4499)
E/StrictMode( 1718): 	at android.app.ActivityThread.access$1500(ActivityThread.java:144)
E/StrictMode( 1718): 	at android.app.ActivityThread$H.handleMessage(ActivityThread.java:1339)
E/StrictMode( 1718): 	at android.os.Handler.dispatchMessage(Handler.java:102)
E/StrictMode( 1718): 	at android.os.Looper.loop(Looper.java:135)
E/StrictMode( 1718): 	at android.app.ActivityThread.main(ActivityThread.java:5221)
E/StrictMode( 1718): 	at java.lang.reflect.Method.invoke(Native Method)
E/StrictMode( 1718): 	at java.lang.reflect.Method.invoke(Method.java:372)
E/StrictMode( 1718): 	at com.android.internal.os.ZygoteInit$MethodAndArgsCaller.run(ZygoteInit.java:899)
E/StrictMode( 1718): 	at com.android.internal.os.ZygoteInit.main(ZygoteInit.java:694)
E/StrictMode( 1718): A resource was acquired at attached stack trace but never released. See java.io.Closeable for information on avoiding resource leaks.
E/StrictMode( 1718): java.lang.Throwable: Explicit termination method 'close' not called
E/StrictMode( 1718): 	at dalvik.system.CloseGuard.open(CloseGuard.java:184)
E/StrictMode( 1718): 	at android.database.sqlite.SQLiteConnectionPool.open(SQLiteConnectionPool.java:190)
E/StrictMode( 1718): 	at android.database.sqlite.SQLiteConnectionPool.open(SQLiteConnectionPool.java:177)
E/StrictMode( 1718): 	at android.database.sqlite.SQLiteDatabase.openInner(SQLiteDatabase.java:806)
E/StrictMode( 1718): 	at android.database.sqlite.SQLiteDatabase.open(SQLiteDatabase.java:791)
E/StrictMode( 1718): 	at android.database.sqlite.SQLiteDatabase.openDatabase(SQLiteDatabase.java:694)
E/StrictMode( 1718): 	at android.app.ContextImpl.openOrCreateDatabase(ContextImpl.java:1142)
E/StrictMode( 1718): 	at android.content.ContextWrapper.openOrCreateDatabase(ContextWrapper.java:267)
E/StrictMode( 1718): 	at android.database.sqlite.SQLiteOpenHelper.getDatabaseLocked(SQLiteOpenHelper.java:223)
E/StrictMode( 1718): 	at android.database.sqlite.SQLiteOpenHelper.getWritableDatabase(SQLiteOpenHelper.java:163)
E/StrictMode( 1718): 	at com.google.android.gsf.gservices.GservicesProvider.computeLocalDigestAndUpdateValues(GservicesProvider.java:450)
E/StrictMode( 1718): 	at com.google.android.gsf.gservices.GservicesProvider.onCreate(GservicesProvider.java:185)
E/StrictMode( 1718): 	at android.content.ContentProvider.attachInfo(ContentProvider.java:1686)
E/StrictMode( 1718): 	at android.content.ContentProvider.attachInfo(ContentProvider.java:1655)
E/StrictMode( 1718): 	at android.app.ActivityThread.installProvider(ActivityThread.java:4964)
E/StrictMode( 1718): 	at android.app.ActivityThread.installContentProviders(ActivityThread.java:4559)
E/StrictMode( 1718): 	at android.app.ActivityThread.handleBindApplication(ActivityThread.java:4499)
E/StrictMode( 1718): 	at android.app.ActivityThread.access$1500(ActivityThread.java:144)
E/StrictMode( 1718): 	at android.app.ActivityThread$H.handleMessage(ActivityThread.java:1339)
E/StrictMode( 1718): 	at android.os.Handler.dispatchMessage(Handler.java:102)
E/StrictMode( 1718): 	at android.os.Looper.loop(Looper.java:135)
E/StrictMode( 1718): 	at android.app.ActivityThread.main(ActivityThread.java:5221)
E/StrictMode( 1718): 	at java.lang.reflect.Method.invoke(Native Method)
E/StrictMode( 1718): 	at java.lang.reflect.Method.invoke(Method.java:372)
E/StrictMode( 1718): 	at com.android.internal.os.ZygoteInit$MethodAndArgsCaller.run(ZygoteInit.java:899)
E/StrictMode( 1718): 	at com.android.internal.os.ZygoteInit.main(ZygoteInit.java:694)
V/AuthZen ( 1736): [DefaultAuthzenGcmReceiverDelegateService] Handling delegate intent.
I/AuthZen ( 1736): Fetching signing key...
W/ActivityThread( 1736): ClassLoader.loadClass: The class loader returned by Thread.getContextClassLoader() may fail for processes that host multiple applications. You should explicitly specify a context class loader. For example: Thread.setContextClassLoader(getClass().getClassLoader());
I/GCoreUlr( 1681): WorldUpdater received intent Intent { act=com.google.android.location.reporting.ACTION_UPDATE_WORLD cmp=com.google.android.gms/com.google.android.location.reporting.service.DispatchingService (has extras) } with receiverAction android.intent.action.BOOT_COMPLETED
I/GCoreUlr( 1681): No GCM registration ID
I/GoogleHttpClient( 1718): Falling back to old SSLCertificateSocketFactory
I/GCoreUlr( 1681): Ensuring that reporting is stopped because of reasons: (no Google accounts)
D/GCoreFlp( 1681): Unknown pending intent to remove.
I/GCoreUlr( 1681): Unbound from all location providers
I/AuthZen ( 1736): Signing key fetched successfuly!
W/GmsApplication( 1736): Using Auth Proxy for data requests.
I/GoogleHttpClient( 1736): Falling back to old SSLCertificateSocketFactory
I/GLSUser ( 1736): [ ChannelManager ] Attempting to channel bind connection HttpClient.
I/GLSUser ( 1736): [ ChannelManager ] Skip channel binding on pre-KLP devices.
I/GCM     ( 1718): GCM config loaded
D/GCM     ( 1718): GcmService start Intent { act=android.intent.action.BOOT_COMPLETED flg=0x8000010 cmp=com.google.android.gms/.gcm.GcmService (has extras) } android.intent.action.BOOT_COMPLETED
D/PersistentNotificationBroadcastReceiver( 1718): Received intent: Intent { act=android.intent.action.BOOT_COMPLETED flg=0x8000010 cmp=com.google.android.gms/.common.notification.PersistentNotificationBroadcastReceiver (has extras) }
I/ActivityManager( 1244): Start proc com.android.calendar for broadcast com.android.calendar/.alerts.AlertReceiver: pid=2145 uid=10018 gids={50018, 9997, 3003} abi=x86
D/g       ( 1736): Sync bypassed. Last proactive sync was 517333811ms ago.
I/art     ( 2145): Debugger is no longer active
W/ActivityThread( 1718): ClassLoader.loadClass: The class loader returned by Thread.getContextClassLoader() may fail for processes that host multiple applications. You should explicitly specify a context class loader. For example: Thread.setContextClassLoader(getClass().getClassLoader());
D/GCM     ( 1718): Connected
I/ConfigFetchService( 1736): fetch service done; releasing wakelock
I/ConfigFetchService( 1736): stopping self
I/ConfigService( 1718): onDestroy
I/art     ( 1736): Background sticky concurrent mark sweep GC freed 16497(1077KB) AllocSpace objects, 16(256KB) LOS objects, 24% free, 2MB/3MB, paused 14.985ms total 491.584ms
D/ExtensionsFactory( 2145): No custom extensions.
D/AlertReceiver( 2145): onReceive: a=android.intent.action.BOOT_COMPLETED Intent { act=android.intent.action.BOOT_COMPLETED flg=0x8000010 cmp=com.android.calendar/.alerts.AlertReceiver (has extras) }
V/AlarmClock( 1790): AlarmInitReceiver android.intent.action.BOOT_COMPLETED
D/AlertService( 2145): 0 Action = android.intent.action.BOOT_COMPLETED
D/AlertService( 2145): Scheduling next alarm with AlarmScheduler. sEventReminderReceived: null
V/AlarmClock( 1790): AlarmInitReceiver - Reset timers and clear stopwatch data
I/GCM     ( 1718): GCM message com.google.android.gsf.gtalkservice 
D/AlarmScheduler( 2145): No events found starting within 1 week.
V/AlarmClock( 1790): AlarmInitReceiver finished
D/GCM     ( 1718): Message class com.google.e.a.a.q
I/ActivityManager( 1244): Start proc com.android.email for broadcast com.android.email/.service.EmailBroadcastReceiver: pid=2176 uid=10026 gids={50026, 9997, 3003, 1028, 1015} abi=x86
D/ConnectivityService( 1244): sendStickyBroadcast: action=android.net.conn.CONNECTIVITY_CHANGE
D/Tethering( 1244): MasterInitialState.processMessage what=3
I/ActivityManager( 1244): Start proc com.android.exchange for service com.android.exchange/.service.EasService: pid=2194 uid=10028 gids={50028, 9997, 3003, 1028, 1015} abi=x86
I/art     (  945): Explicit concurrent mark sweep GC freed 704(30KB) AllocSpace objects, 0(0B) LOS objects, 90% free, 110KB/1134KB, paused 1.045ms total 37.153ms
D/GpsLocationProvider( 1244): NTP server returned: 1421794478346 (Tue Jan 20 14:54:38 PST 2015) reference: 56050 certainty: 26 system time offset: 45749
D/ActivityThread( 2176): Loading provider com.android.email.provider;com.android.email.notifier: com.android.email.provider.EmailProvider
I/art     (  945): Explicit concurrent mark sweep GC freed 5(160B) AllocSpace objects, 0(0B) LOS objects, 90% free, 110KB/1134KB, paused 1.067ms total 43.929ms
D/ActivityThread( 2176): Loading provider com.android.email.provider;com.android.email.notifier: com.android.email.provider.EmailProvider
I/art     (  945): Explicit concurrent mark sweep GC freed 5(160B) AllocSpace objects, 0(0B) LOS objects, 90% free, 110KB/1134KB, paused 1.039ms total 16.585ms
I/SystemBroadcastReceiver( 1359): Boot has been completed
I/LauncherIconVisibilityManager( 1359): Activity has already been disabled: ComponentInfo{com.android.inputmethod.latin/com.android.inputmethod.latin.setup.SetupActivity}
D/GCM     ( 1718): GcmService start Intent { act=com.google.android.gms.INITIALIZE flg=0x10 pkg=com.google.android.gms cmp=com.google.android.gms/.gcm.GcmService } com.google.android.gms.INITIALIZE
I/art     ( 2145): Ignoring second debugger -- accepting and dropping
W/ActivityManager( 1244): Unable to start service Intent { cmp=com.android.email/.service.AttachmentService } U=0: not found
E/ActivityThread( 2176): Service com.android.email.service.EmailBroadcastProcessorService has leaked ServiceConnection com.android.emailcommon.service.ServiceProxy$ProxyConnection@30fe24fd that was originally bound here
E/ActivityThread( 2176): android.app.ServiceConnectionLeaked: Service com.android.email.service.EmailBroadcastProcessorService has leaked ServiceConnection com.android.emailcommon.service.ServiceProxy$ProxyConnection@30fe24fd that was originally bound here
E/ActivityThread( 2176): 	at android.app.LoadedApk$ServiceDispatcher.<init>(LoadedApk.java:1072)
E/ActivityThread( 2176): 	at android.app.LoadedApk.getServiceDispatcher(LoadedApk.java:966)
E/ActivityThread( 2176): 	at android.app.ContextImpl.bindServiceCommon(ContextImpl.java:1768)
E/ActivityThread( 2176): 	at android.app.ContextImpl.bindService(ContextImpl.java:1751)
E/ActivityThread( 2176): 	at android.content.ContextWrapper.bindService(ContextWrapper.java:538)
E/ActivityThread( 2176): 	at com.android.emailcommon.service.ServiceProxy.setTask(ServiceProxy.java:181)
E/ActivityThread( 2176): 	at com.android.emailcommon.service.ServiceProxy.test(ServiceProxy.java:224)
E/ActivityThread( 2176): 	at com.android.email.service.EmailServiceUtils.isServiceAvailable(EmailServiceUtils.java:160)
E/ActivityThread( 2176): 	at com.android.email.provider.AccountReconciler.reconcileAccountsInternal(AccountReconciler.java:171)
E/ActivityThread( 2176): 	at com.android.email.provider.AccountReconciler.reconcileAccounts(AccountReconciler.java:115)
E/ActivityThread( 2176): 	at com.android.email.service.EmailBroadcastProcessorService.reconcileAndStartServices(EmailBroadcastProcessorService.java:305)
E/ActivityThread( 2176): 	at com.android.email.service.EmailBroadcastProcessorService.onBootCompleted(EmailBroadcastProcessorService.java:295)
E/ActivityThread( 2176): 	at com.android.email.service.EmailBroadcastProcessorService.onHandleIntent(EmailBroadcastProcessorService.java:130)
E/ActivityThread( 2176): 	at android.app.IntentService$ServiceHandler.handleMessage(IntentService.java:65)
E/ActivityThread( 2176): 	at android.os.Handler.dispatchMessage(Handler.java:102)
E/ActivityThread( 2176): 	at android.os.Looper.loop(Looper.java:135)
E/ActivityThread( 2176): 	at android.os.HandlerThread.run(HandlerThread.java:61)
W/ActivityManager( 1244): Unable to start service Intent { cmp=com.android.email/.service.AttachmentService } U=0: not found
W/ActivityManager( 1244): Unable to start service Intent { cmp=com.android.email/.service.AttachmentService } U=0: not found
D/LocationInitializer( 1736): Restart initialization of location
D/AuthorizationBluetoothService( 1718): Received GmsCore event: Intent { act=com.google.android.gms.INITIALIZE flg=0x10 pkg=com.google.android.gms cmp=com.google.android.gms/.auth.be.proximity.authorization.bt.AuthorizationBluetoothService$AutoStarter }.
I/Email   ( 2176): Observing account changes for notifications
D/c       ( 1718): Getting all permits...
D/a       ( 1718): Opening database...
I/Exchange( 2194): EasService.onCreate
D/a       ( 1718): Opening database auth.proximity.permit_store...
D/a       ( 1718): Closing database...
W/ActivityManager( 1244): Unable to start service Intent { cmp=com.android.email/.service.AttachmentService } U=0: not found
D/GCM     ( 1718): GcmService start Intent { act=com.google.android.gms.INITIALIZE flg=0x10 pkg=com.google.android.gms cmp=com.google.android.gms/.gcm.GcmService } com.google.android.gms.INITIALIZE
D/AuthorizationBluetoothService( 1718): Received GmsCore event: Intent { act=com.google.android.gms.INITIALIZE flg=0x10 pkg=com.google.android.gms cmp=com.google.android.gms/.auth.be.proximity.authorization.bt.AuthorizationBluetoothService$AutoStarter }.
D/c       ( 1718): Getting all permits...
D/a       ( 1718): Opening database...
D/LocationInitializer( 1736): Restart initialization of location
I/Exchange( 2194): RestartPingTask
D/a       ( 1718): Opening database auth.proximity.permit_store...
D/a       ( 1718): Closing database...
I/art     ( 1718): Background sticky concurrent mark sweep GC freed 8364(1003KB) AllocSpace objects, 2(32KB) LOS objects, 24% free, 3MB/4MB, paused 14.111ms total 42.185ms
D/GCM     ( 1718): GcmService start Intent { act=com.google.android.gms.INITIALIZE flg=0x10 pkg=com.google.android.gms cmp=com.google.android.gms/.gcm.GcmService } com.google.android.gms.INITIALIZE
D/LocationInitializer( 1736): Restart initialization of location
D/AuthorizationBluetoothService( 1718): Received GmsCore event: Intent { act=com.google.android.gms.INITIALIZE flg=0x10 pkg=com.google.android.gms cmp=com.google.android.gms/.auth.be.proximity.authorization.bt.AuthorizationBluetoothService$AutoStarter }.
D/c       ( 1718): Getting all permits...
D/a       ( 1718): Opening database...
D/a       ( 1718): Opening database auth.proximity.permit_store...
D/a       ( 1718): Closing database...
D/GCM     ( 1718): GcmService start Intent { act=com.google.android.gms.INITIALIZE flg=0x10 pkg=com.google.android.gms cmp=com.google.android.gms/.gcm.GcmService } com.google.android.gms.INITIALIZE
D/LocationInitializer( 1736): Restart initialization of location
D/AuthorizationBluetoothService( 1718): Received GmsCore event: Intent { act=com.google.android.gms.INITIALIZE flg=0x10 pkg=com.google.android.gms cmp=com.google.android.gms/.auth.be.proximity.authorization.bt.AuthorizationBluetoothService$AutoStarter }.
D/c       ( 1718): Getting all permits...
D/a       ( 1718): Opening database...
D/a       ( 1718): Opening database auth.proximity.permit_store...
D/a       ( 1718): Closing database...
D/LocationInitializer( 1736): Restart initialization of location
D/GCM     ( 1718): GcmService start Intent { act=com.google.android.gms.INITIALIZE flg=0x10 pkg=com.google.android.gms cmp=com.google.android.gms/.gcm.GcmService } com.google.android.gms.INITIALIZE
D/AuthorizationBluetoothService( 1718): Received GmsCore event: Intent { act=com.google.android.gms.INITIALIZE flg=0x10 pkg=com.google.android.gms cmp=com.google.android.gms/.auth.be.proximity.authorization.bt.AuthorizationBluetoothService$AutoStarter }.
D/c       ( 1718): Getting all permits...
D/a       ( 1718): Opening database...
D/a       ( 1718): Opening database auth.proximity.permit_store...
D/a       ( 1718): Closing database...
I/ConfigFetchService( 1736): PackageReceiver: Intent { act=android.intent.action.PACKAGE_REMOVED dat=package:hello.jcw27.washington.edu.activityspy flg=0x4000010 cmp=com.google.android.gms/.config.ConfigFetchService$PackageReceiver (has extras) }
I/ConfigService( 1718): onCreate
I/ConfigService( 1718): onBind for Intent { act=com.google.android.gms.config.UPDATE pkg=com.google.android.gms } action com.google.android.gms.config.UPDATE
I/ConfigFetchService( 1736): onStartCommand Intent { act=android.intent.action.PACKAGE_REMOVED dat=package:hello.jcw27.washington.edu.activityspy cmp=com.google.android.gms/.config.ConfigFetchService (has extras) }
I/ConfigService( 1718): onBind returning update interface
I/ConfigService( 1718): onBind for Intent { act=com.google.android.gms.config.START pkg=com.google.android.gms } action com.google.android.gms.config.START
I/ConfigService( 1718): onBind returning config service
I/ConfigFetchService( 1736): service connected
I/ConfigClient( 1736): service connected
I/ConfigService( 1718): onDestroy
W/ContextImpl( 1909): Calling a method in the system process without a qualified user: android.app.ContextImpl.startService:1686 android.content.ContextWrapper.startService:515 android.content.ContextWrapper.startService:515 com.android.keychain.KeyChainBroadcastReceiver.onReceive:12 android.app.ActivityThread.handleReceiver:2579 
D/PackageBroadcastService( 1736): Received broadcast action=android.intent.action.PACKAGE_REMOVED and uri=hello.jcw27.washington.edu.activityspy
I/ConfigFetchService( 1736): PackageReceiver: Intent { act=android.intent.action.PACKAGE_ADDED dat=package:hello.jcw27.washington.edu.activityspy flg=0x4000010 cmp=com.google.android.gms/.config.ConfigFetchService$PackageReceiver (has extras) }
I/Exchange( 2194): RestartPingsTask did not start any pings.
I/Exchange( 2194): PSS stopIfIdle
I/Exchange( 2194): PSS has no active accounts; stopping service.
I/ConfigService( 1718): onCreate
I/ConfigService( 1718): onBind for Intent { act=com.google.android.gms.config.UPDATE pkg=com.google.android.gms } action com.google.android.gms.config.UPDATE
I/Exchange( 2194): onDestroy
I/ConfigService( 1718): onBind returning update interface
I/ConfigService( 1718): onBind for Intent { act=com.google.android.gms.config.START pkg=com.google.android.gms } action com.google.android.gms.config.START
I/ConfigService( 1718): onBind returning config service
I/ConfigFetchService( 1736): onStartCommand Intent { act=android.intent.action.PACKAGE_ADDED dat=package:hello.jcw27.washington.edu.activityspy cmp=com.google.android.gms/.config.ConfigFetchService (has extras) }
I/ConfigFetchService( 1736): launchTask
I/ConfigFetchService( 1736): service connected
I/ConfigClient( 1736): service connected
D/PackageBroadcastService( 1736): Received broadcast action=android.intent.action.PACKAGE_ADDED and uri=hello.jcw27.washington.edu.activityspy
I/ActivityManager( 1244): Start proc com.svox.pico for broadcast com.svox.pico/.VoiceDataInstallerReceiver: pid=2242 uid=10041 gids={50041, 9997, 1028, 1015} abi=x86
W/art     ( 1822): Suspending all threads took: 35.409ms
I/PeopleContactsSync( 1736): CP2 sync disabled
I/art     ( 1244): Explicit concurrent mark sweep GC freed 10560(897KB) AllocSpace objects, 13(878KB) LOS objects, 29% free, 9MB/13MB, paused 1.174ms total 50.011ms
D/PackageBroadcastService( 1736): Received broadcast action=android.intent.action.PACKAGE_REPLACED and uri=hello.jcw27.washington.edu.activityspy
V/UserPresentBroadcastReceiver( 1681): Received Intent { act=android.intent.action.USER_PRESENT flg=0x24000010 cmp=com.google.android.gms/.auth.trustagent.UserPresentBroadcastReceiver }.
I/CheckinService( 1736): active receiver: enabled
I/Icing   ( 1736): Storage manager: low false usage 65.47KB avail 210.98MB capacity 460.41MB
I/CheckinService( 1736): Preparing to send checkin request
I/EventLogService( 1736): Accumulating logs since 1421794430239
I/GoogleHttpClient( 1736): Falling back to old SSLCertificateSocketFactory
I/PeopleContactsSync( 1736): CP2 sync disabled
W/GmsApplication( 1736): Using Auth Proxy for data requests.
W/GmsApplication( 1736): Using Auth Proxy for data requests.
W/GmsApplication( 1736): Using Auth Proxy for data requests.
W/GmsApplication( 1736): Using Auth Proxy for data requests.
W/GmsApplication( 1736): Using Auth Proxy for data requests.
W/GmsApplication( 1736): Using Auth Proxy for data requests.
D/WifiService( 1244): New client listening to asynchronous messages
V/AlarmClock( 1790): AlarmInitReceiver android.intent.action.TIME_SET
W/art     ( 1736): Suspending all threads took: 131.062ms
I/art     ( 1736): Background sticky concurrent mark sweep GC freed 7464(680KB) AllocSpace objects, 5(80KB) LOS objects, 10% free, 3MB/3MB, paused 170.215ms total 605.590ms
V/AlarmClock( 1790): AlarmInitReceiver finished
D/GCM     ( 1718): GcmService start Intent { act=com.google.android.checkin.CHECKIN_COMPLETE flg=0x10 cmp=com.google.android.gms/.gcm.GcmService (has extras) } com.google.android.checkin.CHECKIN_COMPLETE
W/art     ( 1736): Suspending all threads took: 83.927ms
I/art     ( 1736): Background sticky concurrent mark sweep GC freed 134(21KB) AllocSpace objects, 1(16KB) LOS objects, 7% free, 3MB/3MB, paused 85.437ms total 102.224ms
I/ActivityManager( 1244): Start proc com.google.android.gms.unstable for service com.google.android.gms/.droidguard.DroidGuardService: pid=2275 uid=10007 gids={50007, 9997, 3002, 3001, 3003, 1028, 1015, 1005, 1007, 3007, 2001, 3006} abi=x86
W/ResourcesManager( 2275): Asset path '/system/framework/com.android.media.remotedisplay.jar' does not exist or contains no resources.
W/ResourcesManager( 2275): Asset path '/system/framework/com.android.location.provider.jar' does not exist or contains no resources.
I/MultiDex( 2275): VM with version 2.1.0 has multidex support
I/MultiDex( 2275): install
I/MultiDex( 2275): VM has multidex support, MultiDex support library is disabled.
D/AlertReceiver( 2145): onReceive: a=android.intent.action.PROVIDER_CHANGED Intent { act=android.intent.action.PROVIDER_CHANGED dat=content://com.android.calendar flg=0x10 cmp=com.android.calendar/.alerts.AlertReceiver }
D/AlertService( 2145): 0 Action = android.intent.action.PROVIDER_CHANGED
I/art     ( 1736): Background partial concurrent mark sweep GC freed 4517(302KB) AllocSpace objects, 7(112KB) LOS objects, 39% free, 3MB/5MB, paused 1.407ms total 146.261ms
V/Mms     ( 2050): onStart: #1 mResultCode: -1 = Activity.RESULT_OK
I/ProviderInstaller( 2275): Insert disabled by gate 'gms:security:enable_conscrypt_in_gms_application'
E/Drm     (  942): Failed to find drm plugin
W/DG.WV   ( 2275): Widevine DRM not supported on this device
W/DG.WV   ( 2275): android.media.UnsupportedSchemeException: Failed to instantiate drm object.
W/DG.WV   ( 2275): 	at android.media.MediaDrm.native_setup(Native Method)
W/DG.WV   ( 2275): 	at android.media.MediaDrm.<init>(MediaDrm.java:180)
W/DG.WV   ( 2275): 	at com.google.android.gms.droidguard.e.a.a(SourceFile:81)
W/DG.WV   ( 2275): 	at com.google.android.gms.droidguard.o.k(SourceFile:86)
W/DG.WV   ( 2275): 	at com.google.android.gms.common.internal.bj.k(SourceFile:275)
W/DG.WV   ( 2275): 	at com.google.android.gms.common.internal.au.onTransact(SourceFile:301)
W/DG.WV   ( 2275): 	at android.os.Binder.execTransact(Binder.java:446)
I/GoogleHttpClient( 2275): Falling back to old SSLCertificateSocketFactory
D/GCM     ( 1718): GcmService start Intent { act=android.net.conn.CONNECTIVITY_CHANGE flg=0x4000010 cmp=com.google.android.gms/.gcm.GcmService (has extras) } android.net.conn.CONNECTIVITY_CHANGE
I/iu.Environment( 1736): update battery state; isPlugged? true*
D/NetworkLogImpl( 1736): Loaded NetworkSpeedPredictor
I/iu.Environment( 1736): update connectivity state; isNetworkMetered? true*, isRoaming? false, isBackgroundDataAllowed? true*
I/iu.Environment( 1736): update connectivity state; isNetworkMetered? true, isRoaming? false, isBackgroundDataAllowed? true
I/art     ( 1718): Background sticky concurrent mark sweep GC freed 8194(806KB) AllocSpace objects, 0(0B) LOS objects, 22% free, 3MB/4MB, paused 20.768ms total 28.819ms
D/GCM     ( 1718): GcmService start Intent { act=com.google.android.gms.INITIALIZE flg=0x10 pkg=com.google.android.gms cmp=com.google.android.gms/.gcm.GcmService } com.google.android.gms.INITIALIZE
D/AuthorizationBluetoothService( 1718): Received GmsCore event: Intent { act=com.google.android.gms.INITIALIZE flg=0x10 pkg=com.google.android.gms cmp=com.google.android.gms/.auth.be.proximity.authorization.bt.AuthorizationBluetoothService$AutoStarter }.
D/c       ( 1718): Getting all permits...
D/a       ( 1718): Opening database...
D/LocationInitializer( 1736): Restart initialization of location
D/a       ( 1718): Opening database auth.proximity.permit_store...
D/a       ( 1718): Closing database...
E/SQLiteLog( 1971): (284) automatic index on view_events(_id)
I/Icing   ( 1736): updateResources: need to parse e{com.google.android.gms}
E/Drm     (  942): Failed to find drm plugin
I/CheckinRequestBuilder( 1736): Classify the device as Phone.
I/CheckinTask( 1736): Sending checkin request (3356 bytes)
I/Icing   ( 1736): Internal init done: storage state 0
I/Icing   ( 1736): Post-init done
I/CheckinRequestBuilder( 1736): Classify the device as Phone.
I/CheckinTask( 1736): Checkin success: https://android.clients.google.com/checkin (1 requests sent)
I/CheckinService( 1736): active receiver: disabled
I/CheckinService( 1736): active receiver: disabled
D/GCM     ( 1718): GcmService start Intent { act=com.google.android.checkin.CHECKIN_COMPLETE flg=0x10 cmp=com.google.android.gms/.gcm.GcmService (has extras) } com.google.android.checkin.CHECKIN_COMPLETE
I/GCM     ( 1718): GCM config loaded
E/StrictMode( 2145): A resource was acquired at attached stack trace but never released. See java.io.Closeable for information on avoiding resource leaks.
E/StrictMode( 2145): java.lang.Throwable: Explicit termination method 'close' not called
E/StrictMode( 2145): 	at dalvik.system.CloseGuard.open(CloseGuard.java:184)
E/StrictMode( 2145): 	at android.content.ContentResolver$CursorWrapperInner.<init>(ContentResolver.java:2447)
E/StrictMode( 2145): 	at android.content.ContentResolver.query(ContentResolver.java:502)
E/StrictMode( 2145): 	at android.content.CursorLoader.loadInBackground(CursorLoader.java:64)
E/StrictMode( 2145): 	at android.content.CursorLoader.loadInBackground(CursorLoader.java:42)
E/StrictMode( 2145): 	at android.content.AsyncTaskLoader.onLoadInBackground(AsyncTaskLoader.java:312)
E/StrictMode( 2145): 	at android.content.AsyncTaskLoader$LoadTask.doInBackground(AsyncTaskLoader.java:69)
E/StrictMode( 2145): 	at android.content.AsyncTaskLoader$LoadTask.doInBackground(AsyncTaskLoader.java:57)
E/StrictMode( 2145): 	at android.os.AsyncTask$2.call(AsyncTask.java:288)
E/StrictMode( 2145): 	at java.util.concurrent.FutureTask.run(FutureTask.java:237)
E/StrictMode( 2145): 	at java.util.concurrent.ThreadPoolExecutor.runWorker(ThreadPoolExecutor.java:1112)
E/StrictMode( 2145): 	at java.util.concurrent.ThreadPoolExecutor$Worker.run(ThreadPoolExecutor.java:587)
E/StrictMode( 2145): 	at java.lang.Thread.run(Thread.java:818)
W/CursorWrapperInner( 2145): Cursor finalized without prior close()
I/ActivityManager( 1244): Waited long enough for: ServiceRecord{1829177c u0 com.android.music/.MediaPlaybackService}
I/GlobalDismissManager( 2145): no sender configured
D/AlertService( 2145): Beginning updateAlertNotification
D/AlertService( 2145): No fired or scheduled alerts
D/AlertService( 2145): Scheduling next alarm with AlarmScheduler. sEventReminderReceived: null
D/AlarmScheduler( 2145): No events found starting within 1 week.
I/ActivityManager( 1244): Killing 1700:com.android.externalstorage/u0a6 (adj 15): empty #17
W/libprocessgroup( 1244): failed to open /acct/uid_10006/pid_1700/cgroup.procs: No such file or directory
V/ConfigFetchTask( 1736): ConfigFetchTask getDeviceDataVersionInfo(): ABFEt1X-YvNtU7EEkmzXTjoMhtV92PajNgNPwvOMIkk7J4xx7x-0TPOkghJS5aaFdU87v5m_ha8LBd3v7WLB_biUaV1CzWNC3RlXq_GKZIfvRCHIoBXVbeCIX9N6BMduXBFhGwYVSMBNJo7Rj5Wy9okupQsnqYNNX5-7z28WAnaErxyEnjVcH6CemPLrw4TP4588aIswGolKYRhyl5iO6wnixeU47BMNDaue1x3bSn1aK-OlUD8YYbQV4KtND9oGZIk5HjLj0WQK0Zr6AiuoToee2ei4-mbLkdy0AumxGkRbzUBRhdr-Yfg
