--------- beginning of main
I/qemu-props(    0): connected to 'boot-properties' qemud service.
W/auditd  (  926): type=2000 audit(0.0:1): initialized
I/auditd  (  926): type=1403 audit(0.0:2): policy loaded auid=4294967295 ses=4294967295
W/auditd  (  926): type=1404 audit(0.0:3): enforcing=1 old_enforcing=0 auid=4294967295 ses=4294967295
I/qemu-props(    0): receiving..
I/qemu-props(    0): received: dalvik.vm.heapsize=64m
I/qemu-props(    0): receiving..
I/qemu-props(    0): received: qemu.sf.lcd_density=480
I/qemu-props(    0): receiving..
I/qemu-props(    0): received: qemu.hw.mainkeys=0
I/qemu-props(    0): receiving..
I/qemu-props(    0): received: qemu.sf.fake_camera=both
I/qemu-props(    0): receiving..
I/qemu-props(    0): exiting (4 properties set).
I/installd(    0): installd firing up
I/        (  939): debuggerd: Dec  6 2014 01:45:08
I/Netd    (  938): Netd 1.0 starting
I/lowmemorykiller(  928): No kernel memory.pressure_level support (errno=2)
E/lowmemorykiller(  928): Kernel does not support memory pressure events or in-kernel low memory killer
--------- beginning of system
I/Vold    (  930): Vold 2.1 (the revenge) firing up
D/Vold    (  930): Volume sdcard state changing -1 (Initializing) -> 0 (No-Media)
I/SurfaceFlinger(  931): SurfaceFlinger is starting
I/SurfaceFlinger(  931): SurfaceFlinger's main thread ready to run. Initializing graphics H/W...
W/DirectVolume(  930): Deprecated implied prefix pattern detected, please use '/devices/platform/goldfish_mmc.0*' instead
D/Vold    (  930): Volume sdcard state changing 0 (No-Media) -> 1 (Idle-Unmounted)
D/libEGL  (  931): loaded /system/lib/egl/libEGL_emulation.so
D/libEGL  (  931): loaded /system/lib/egl/libGLESv1_CM_emulation.so
V/NatController(  938): runCmd(/system/bin/iptables -F natctrl_FORWARD) res=0
V/NatController(  938): runCmd(/system/bin/iptables -A natctrl_FORWARD -j DROP) res=0
V/NatController(  938): runCmd(/system/bin/iptables -t nat -F natctrl_nat_POSTROUTING) res=0
V/NatController(  938): runCmd(/system/bin/iptables -F natctrl_tether_counters) res=1
V/NatController(  938): runCmd(/system/bin/iptables -X natctrl_tether_counters) res=1
W/iptables( 1150): type=1400 audit(0.0:4): avc: denied { module_request } for kmod="ipt_TCPMSS" scontext=u:r:netd:s0 tcontext=u:r:kernel:s0 tclass=system permissive=0
V/NatController(  938): runCmd(/system/bin/iptables -N natctrl_tether_counters) res=0
V/NatController(  938): runCmd(/system/bin/iptables -t mangle -A natctrl_mangle_FORWARD -p tcp --tcp-flags SYN SYN -j TCPMSS --clamp-mss-to-pmtu) res=1
D/libEGL  (  931): loaded /system/lib/egl/libGLESv2_emulation.so
D/        (  931): HostConnection::get() New Host Connection established 0xb6f1a1b0, tid 931
W/iptables( 1197): type=1400 audit(0.0:5): avc: denied { module_request } for kmod="ipt_owner" scontext=u:r:netd:s0 tcontext=u:r:kernel:s0 tclass=system permissive=0
W/iptables( 1197): type=1400 audit(0.0:6): avc: denied { module_request } for kmod="ipt_owner" scontext=u:r:netd:s0 tcontext=u:r:kernel:s0 tclass=system permissive=0
W/iptables( 1197): type=1400 audit(0.0:7): avc: denied { module_request } for kmod="ipt_owner" scontext=u:r:netd:s0 tcontext=u:r:kernel:s0 tclass=system permissive=0
I/iptables(  938): iptables: No chain/target/match by that name.
W/ip6tables( 1198): type=1400 audit(0.0:8): avc: denied { module_request } for kmod="ip6t_owner" scontext=u:r:netd:s0 tcontext=u:r:kernel:s0 tclass=system permissive=0
W/ip6tables( 1198): type=1400 audit(0.0:9): avc: denied { module_request } for kmod="ip6t_owner" scontext=u:r:netd:s0 tcontext=u:r:kernel:s0 tclass=system permissive=0
W/ip6tables( 1198): type=1400 audit(0.0:10): avc: denied { module_request } for kmod="ip6t_owner" scontext=u:r:netd:s0 tcontext=u:r:kernel:s0 tclass=system permissive=0
I/iptables(  938): iptables terminated by exit(1)
E/BandwidthController(  938): runIptablesCmd(): res=1 status=256 failed /system/bin/iptables -A bw_INPUT -m owner --socket-exists
I/ip6tables(  938): ip6tables: No chain/target/match by that name.
I/ip6tables(  938): ip6tables terminated by exit(1)
E/BandwidthController(  938): runIptablesCmd(): res=1 status=256 failed /system/bin/ip6tables -A bw_INPUT -m owner --socket-exists
E/logwrapper( 1199): executing /system/bin/ip failed: No such file or directory
E/Netd    (  938): failed to flush rules
E/CommandListener(  938): failed to initialize RouteController (Remote I/O error)
D/MDnsDS  (  938): MDnsSdListener::Hander starting up
D/MDnsDS  (  938): MDnsSdListener starting to monitor
D/MDnsDS  (  938): Going to poll with pollCount 1
I/mediaserver(  942): ServiceManager: 0xb6216d40
I/AudioFlinger(  942): Using default 3000 mSec as standby time.
I/ServiceManager(  942): Waiting for service batterystats...
E/SurfaceFlinger(  931): hwcomposer module not found
W/SurfaceFlinger(  931): no suitable EGLConfig found, trying a simpler query
I/SurfaceFlinger(  931): EGL information:
I/SurfaceFlinger(  931): vendor    : Android
I/SurfaceFlinger(  931): version   : 1.4 Android META-EGL
I/SurfaceFlinger(  931): extensions: EGL_KHR_get_all_proc_addresses EGL_ANDROID_presentation_time EGL_KHR_image_base EGL_KHR_fence_sync EGL_ANDROID_image_native_buffer 
I/SurfaceFlinger(  931): Client API: OpenGL_ES
I/SurfaceFlinger(  931): EGLSurface: 8-8-8-8, config=0x7
I/SurfaceFlinger(  931): OpenGL ES informations:
I/SurfaceFlinger(  931): vendor    : Google (ATI Technologies Inc.)
I/SurfaceFlinger(  931): renderer  : Android Emulator OpenGL ES Translator (AMD Radeon HD 6750M OpenGL Engine)
I/SurfaceFlinger(  931): version   : OpenGL ES 2.0 (2.1 ATI-1.24.38)
I/SurfaceFlinger(  931): extensions: GL_EXT_debug_marker GL_OES_EGL_image GL_OES_depth24 GL_OES_depth32 GL_OES_element_index_uint GL_OES_texture_float GL_OES_texture_float_linear GL_OES_compressed_paletted_texture GL_OES_compressed_ETC1_RGB8_texture GL_OES_depth_texture GL_OES_texture_half_float GL_OES_texture_half_float_linear GL_OES_packed_depth_stencil GL_OES_vertex_half_float 
I/SurfaceFlinger(  931): GL_MAX_TEXTURE_SIZE = 16384
I/SurfaceFlinger(  931): GL_MAX_VIEWPORT_DIMS = 16384
D/SurfaceFlinger(  931): Set power mode=2, type=0 flinger=0xb6f5e000
E/SurfaceFlinger(  931): ro.sf.lcd_density must be defined as a build property
I/ServiceManager(  942): Waiting for service batterystats...
D/SurfaceFlinger(  931): shader cache generated - 24 shaders in 1020.104248 ms
D/libEGL  ( 1215): loaded /system/lib/egl/libEGL_emulation.so
D/libEGL  ( 1215): loaded /system/lib/egl/libGLESv1_CM_emulation.so
D/libEGL  ( 1215): loaded /system/lib/egl/libGLESv2_emulation.so
D/        ( 1215): HostConnection::get() New Host Connection established 0xb661a6e0, tid 1217
D/        (  931): HostConnection::get() New Host Connection established 0xb6fddee0, tid 991
D/AndroidRuntime(  945): 
D/AndroidRuntime(  945): >>>>>> AndroidRuntime START com.android.internal.os.ZygoteInit <<<<<<
D/        (  931): HostConnection::get() New Host Connection established 0xb6f1a6e0, tid 987
D/AndroidRuntime(  945): CheckJNI is ON
I/art     (  945): option[0]=-Xzygote
I/art     (  945): option[1]=-Xcheck:jni
I/art     (  945): option[2]=-Xjnigreflimit:2000
I/art     (  945): option[3]=-Xstacktracefile:/data/anr/traces.txt
I/art     (  945): option[4]=exit
I/art     (  945): option[5]=vfprintf
I/art     (  945): option[6]=sensitiveThread
I/art     (  945): option[7]=-verbose:gc
I/art     (  945): option[8]=-Xms4m
I/art     (  945): option[9]=-Xmx64m
I/art     (  945): option[10]=-XX:mainThreadStackSize=24K
I/art     (  945): option[11]=-agentlib:jdwp=transport=dt_android_adb,suspend=n,server=y
I/art     (  945): option[12]=-Ximage-compiler-option
I/art     (  945): option[13]=--runtime-arg
I/art     (  945): option[14]=-Ximage-compiler-option
I/art     (  945): option[15]=-Xms64m
I/art     (  945): option[16]=-Ximage-compiler-option
I/art     (  945): option[17]=--runtime-arg
I/art     (  945): option[18]=-Ximage-compiler-option
I/art     (  945): option[19]=-Xmx64m
I/art     (  945): option[20]=-Ximage-compiler-option
I/art     (  945): option[21]=--image-classes-zip=/system/framework/framework.jar
I/art     (  945): option[22]=-Ximage-compiler-option
I/art     (  945): option[23]=--image-classes=preloaded-classes
I/art     (  945): option[24]=-Xcompiler-option
I/art     (  945): option[25]=--runtime-arg
I/art     (  945): option[26]=-Xcompiler-option
I/art     (  945): option[27]=-Xms64m
I/art     (  945): option[28]=-Xcompiler-option
I/art     (  945): option[29]=--runtime-arg
I/art     (  945): option[30]=-Xcompiler-option
I/art     (  945): option[31]=-Xmx512m
I/art     (  945): option[32]=-Duser.language=en
I/art     (  945): option[33]=-Duser.region=US
I/ServiceManager(  942): Waiting for service batterystats...
I/ServiceManager(  942): Waiting for service batterystats...
I/ServiceManager(  942): Waiting for service batterystats...
I/CameraService(  942): CameraService started (pid=942)
D/EmulatedCamera_QemuClient(  942): Emulated camera list: 
D/EmulatedCamera_FakeCamera(  942): Initialize: Fake camera is facing back
V/EmulatedCamera_Device(  942): initializeWhiteBalanceModes with auto, 1.000000, 1.000000
V/EmulatedCamera_Device(  942): initializeWhiteBalanceModes with incandescent, 1.380000, 0.600000
V/EmulatedCamera_Device(  942): initializeWhiteBalanceModes with daylight, 1.090000, 0.920000
V/EmulatedCamera_Device(  942): initializeWhiteBalanceModes with twilight, 0.920000, 1.220000
V/EmulatedCamera_Device(  942): setWhiteBalanceMode with white balance auto
D/EmulatedCamera_FakeCamera(  942): Initialize: Fake camera is facing front
V/EmulatedCamera_Device(  942): initializeWhiteBalanceModes with auto, 1.000000, 1.000000
V/EmulatedCamera_Device(  942): initializeWhiteBalanceModes with incandescent, 1.380000, 0.600000
V/EmulatedCamera_Device(  942): initializeWhiteBalanceModes with daylight, 1.090000, 0.920000
V/EmulatedCamera_Device(  942): initializeWhiteBalanceModes with twilight, 0.920000, 1.220000
V/EmulatedCamera_Device(  942): setWhiteBalanceMode with white balance auto
I/CameraService(  942): Loaded "Emulated Camera Module" camera module
I/AudioPolicyService(  942): AudioPolicyService CSTOR in new mode
I/AudioPolicyManager(  942): loadAudioPolicyConfig() loaded /system/etc/audio_policy.conf
I/AudioFlinger(  942): loadHwModule() Loaded primary audio interface from Generic audio HW HAL (audio) handle 1
I/AudioFlinger(  942): HAL output buffer size 1024 frames, normal sink buffer size 1024 frames
I/AudioMixer(  942): found effect "Multichannel Downmix To Stereo" from The Android Open Source Project
I/AudioFlinger(  942): Using module 1 has the primary audio interface
I/AudioFlinger(  942): AudioFlinger's thread 0xb62be000 ready to run
W/AudioFlinger(  942): Thread AudioOut_2 cannot connect to the power manager service
E/audio_hw_generic(  942): Error opening input stream format 1, channel_mask 0010, sample_rate 16000
W/AudioFlinger(  942): Thread AudioOut_2 cannot connect to the power manager service
W/AudioFlinger(  942): Thread AudioOut_2 cannot connect to the power manager service
E/AudioFlinger(  942): no wake lock to update!
I/AudioFlinger(  942): AudioFlinger's thread 0xb5c27000 ready to run
E/AudioFlinger(  942): int android::load_audio_interface(const char*, audio_hw_device_t**) couldn't load audio hw module audio.r_submix (No such file or directory)
I/AudioFlinger(  942): loadHwModule() error -2 loading module r_submix 
W/AudioPolicyManager(  942): could not open HW module r_submix
W/AudioPolicyManager(  942): Input device 80000100 unreachable
E/SoundTriggerHwService(  942): couldn't load sound trigger module sound_trigger.primary (No such file or directory)
E/memtrack(  945): Couldn't load memtrack module (No such file or directory)
E/android.os.Debug(  945): failed to load memtrack module: -2
I/SamplingProfilerIntegration(  945): Profiling disabled.
D/Zygote  (  945): begin preload
I/Zygote  (  945): Preloading classes...
I/art     (  945): Explicit concurrent mark sweep GC freed 992(55KB) AllocSpace objects, 0(0B) LOS objects, 93% free, 69KB/1093KB, paused 952us total 166.502ms
I/art     (  945): Counter: 1
I/art     (  945): Explicit concurrent mark sweep GC freed 521(32KB) AllocSpace objects, 0(0B) LOS objects, 91% free, 89KB/1113KB, paused 951us total 5.251ms
I/art     (  945): Explicit concurrent mark sweep GC freed 638(41KB) AllocSpace objects, 0(0B) LOS objects, 91% free, 97KB/1121KB, paused 961us total 20.751ms
I/art     (  945): Explicit concurrent mark sweep GC freed 397(25KB) AllocSpace objects, 0(0B) LOS objects, 89% free, 121KB/1145KB, paused 942us total 5.295ms
E/Minikin (  945): addFont failed to create font /system/fonts/NotoSansGujarati-Regular.ttf
E/Minikin (  945): addFont failed to create font /system/fonts/NotoSansGujarati-Bold.ttf
E/Minikin (  945): addFont failed to create font /system/fonts/NotoSansGujaratiUI-Regular.ttf
E/Minikin (  945): addFont failed to create font /system/fonts/NotoSansGujaratiUI-Bold.ttf
E/Minikin (  945): addFont failed to create font /system/fonts/NotoSansGurmukhi-Regular.ttf
E/Minikin (  945): addFont failed to create font /system/fonts/NotoSansGurmukhi-Bold.ttf
E/Minikin (  945): addFont failed to create font /system/fonts/NotoSansGurmukhiUI-Regular.ttf
E/Minikin (  945): addFont failed to create font /system/fonts/NotoSansGurmukhiUI-Bold.ttf
E/Minikin (  945): addFont failed to create font /system/fonts/NotoSansSinhala-Regular.ttf
E/Minikin (  945): addFont failed to create font /system/fonts/NotoSansSinhala-Bold.ttf
E/Minikin (  945): addFont failed to create font /system/fonts/NotoSansCherokee-Regular.ttf
E/Minikin (  945): addFont failed to create font /system/fonts/NotoSansCanadianAboriginal-Regular.ttf
E/Minikin (  945): addFont failed to create font /system/fonts/NotoSansYi-Regular.ttf
E/Minikin (  945): addFont failed to create font /system/fonts/NotoSansHans-Regular.otf
E/Minikin (  945): addFont failed to create font /system/fonts/NotoSansHant-Regular.otf
E/Minikin (  945): addFont failed to create font /system/fonts/NotoSansJP-Regular.otf
E/Minikin (  945): addFont failed to create font /system/fonts/NotoSansKR-Regular.otf
I/art     (  945): Explicit concurrent mark sweep GC freed 1469(107KB) AllocSpace objects, 0(0B) LOS objects, 88% free, 130KB/1154KB, paused 941us total 5.052ms
I/art     (  945): Explicit concurrent mark sweep GC freed 1940(93KB) AllocSpace objects, 0(0B) LOS objects, 85% free, 175KB/1199KB, paused 357us total 6.167ms
I/art     (  945): Explicit concurrent mark sweep GC freed 666(30KB) AllocSpace objects, 0(0B) LOS objects, 84% free, 194KB/1218KB, paused 1.625ms total 5.534ms
I/art     (  945): Explicit concurrent mark sweep GC freed 1330(58KB) AllocSpace objects, 0(0B) LOS objects, 82% free, 212KB/1236KB, paused 455us total 6.522ms
I/art     (  945): Explicit concurrent mark sweep GC freed 410(29KB) AllocSpace objects, 0(0B) LOS objects, 80% free, 248KB/1272KB, paused 949us total 5.885ms
I/art     (  945): Thread[1,tid=945,WaitingForJniOnLoad,Thread*=0xb4606800,peer=0x12c33140,"main"] recursive attempt to load library "/system/lib/libmedia_jni.so"
D/MtpDeviceJNI(  945): register_android_mtp_MtpDevice
I/art     (  945): Thread[1,tid=945,WaitingForJniOnLoad,Thread*=0xb4606800,peer=0x12c33140,"main"] recursive attempt to load library "/system/lib/libmedia_jni.so"
I/art     (  945): Thread[1,tid=945,WaitingForJniOnLoad,Thread*=0xb4606800,peer=0x12c33140,"main"] recursive attempt to load library "/system/lib/libmedia_jni.so"
I/art     (  945): Explicit concurrent mark sweep GC freed 668(38KB) AllocSpace objects, 0(0B) LOS objects, 79% free, 259KB/1283KB, paused 953us total 8.358ms
I/art     (  945): Explicit concurrent mark sweep GC freed 520(26KB) AllocSpace objects, 0(0B) LOS objects, 78% free, 287KB/1311KB, paused 941us total 5.482ms
I/art     (  945): Explicit concurrent mark sweep GC freed 554(31KB) AllocSpace objects, 0(0B) LOS objects, 76% free, 314KB/1338KB, paused 943us total 5.380ms
I/art     (  945): Explicit concurrent mark sweep GC freed 1874(110KB) AllocSpace objects, 0(0B) LOS objects, 68% free, 480KB/1504KB, paused 710us total 7.459ms
E/EmojiFactory_jni(  945): Failed to load libemoji.so: dlopen failed: library "libemoji.so" not found
I/art     (  945): Explicit concurrent mark sweep GC freed 361(46KB) AllocSpace objects, 0(0B) LOS objects, 56% free, 778KB/1802KB, paused 947us total 6.289ms
I/art     (  945): Explicit concurrent mark sweep GC freed 438(30KB) AllocSpace objects, 0(0B) LOS objects, 56% free, 797KB/1821KB, paused 947us total 6.012ms
I/art     (  945): Explicit concurrent mark sweep GC freed 780(49KB) AllocSpace objects, 0(0B) LOS objects, 56% free, 797KB/1821KB, paused 942us total 5.988ms
I/art     (  945): Explicit concurrent mark sweep GC freed 875(101KB) AllocSpace objects, 0(0B) LOS objects, 55% free, 825KB/1849KB, paused 947us total 7.155ms
I/art     (  945): Explicit concurrent mark sweep GC freed 623(44KB) AllocSpace objects, 0(0B) LOS objects, 55% free, 829KB/1853KB, paused 951us total 6.778ms
I/art     (  945): Explicit concurrent mark sweep GC freed 259(20KB) AllocSpace objects, 0(0B) LOS objects, 54% free, 858KB/1882KB, paused 952us total 5.443ms
I/art     (  945): Explicit concurrent mark sweep GC freed 269(42KB) AllocSpace objects, 0(0B) LOS objects, 54% free, 864KB/1888KB, paused 1.153ms total 6.840ms
I/art     (  945): Explicit concurrent mark sweep GC freed 10582(509KB) AllocSpace objects, 0(0B) LOS objects, 45% free, 1243KB/2MB, paused 931us total 6.544ms
I/art     (  945): Explicit concurrent mark sweep GC freed 592(34KB) AllocSpace objects, 0(0B) LOS objects, 44% free, 1258KB/2MB, paused 947us total 6.996ms
I/art     (  945): Explicit concurrent mark sweep GC freed 744(44KB) AllocSpace objects, 0(0B) LOS objects, 44% free, 1262KB/2MB, paused 1.270ms total 6.568ms
I/System  (  945): Loaded time zone names for "" in 50ms (49ms in ICU)
I/System  (  945): Loaded time zone names for "en_US" in 21ms (18ms in ICU)
I/art     (  945): Explicit concurrent mark sweep GC freed 2400(181KB) AllocSpace objects, 0(0B) LOS objects, 41% free, 1420KB/2MB, paused 979us total 6.470ms
I/art     (  945): Explicit concurrent mark sweep GC freed 136(12KB) AllocSpace objects, 0(0B) LOS objects, 40% free, 1486KB/2MB, paused 947us total 6.358ms
I/art     (  945): Explicit concurrent mark sweep GC freed 289(24KB) AllocSpace objects, 0(0B) LOS objects, 39% free, 1538KB/2MB, paused 948us total 6.521ms
I/art     (  945): Explicit concurrent mark sweep GC freed 678(47KB) AllocSpace objects, 0(0B) LOS objects, 39% free, 1539KB/2MB, paused 947us total 15.867ms
I/Zygote  (  945): ...preloaded 3005 classes in 4787ms.
I/art     (  945): VMRuntime.preloadDexCaches starting
I/art     (  945): VMRuntime.preloadDexCaches strings total=211163 before=38202 after=38202
I/art     (  945): VMRuntime.preloadDexCaches types total=18139 before=6349 after=6379
I/art     (  945): VMRuntime.preloadDexCaches fields total=84542 before=32028 after=32353
I/art     (  945): VMRuntime.preloadDexCaches methods total=149481 before=65945 after=66825
I/art     (  945): VMRuntime.preloadDexCaches finished
I/art     (  945): Counter: 0
I/art     (  945): Counter: 1
I/art     (  945): Explicit concurrent mark sweep GC freed 71(16KB) AllocSpace objects, 0(0B) LOS objects, 66% free, 1524KB/4MB, paused 947us total 25.004ms
D/idmap   ( 1243): error: no read access to /vendor/overlay: No such file or directory
I/Zygote  (  945): Preloading resources...
W/Resources(  945): Preloaded drawable resource #0x1080096 (android:drawable/toast_frame) that varies with configuration!!
I/art     (  945): Explicit concurrent mark sweep GC freed 61(2688B) AllocSpace objects, 0(0B) LOS objects, 66% free, 1620KB/4MB, paused 986us total 6.424ms
W/Resources(  945): Preloaded drawable resource #0x1080111 (android:drawable/btn_check_on_pressed_holo_light) that varies with configuration!!
W/Resources(  945): Preloaded drawable resource #0x1080110 (android:drawable/btn_check_on_pressed_holo_dark) that varies with configuration!!
I/art     (  945): Explicit concurrent mark sweep GC freed 59(155KB) AllocSpace objects, 0(0B) LOS objects, 66% free, 1540KB/4MB, paused 955us total 10.319ms
W/Resources(  945): Preloaded drawable resource #0x108010d (android:drawable/btn_check_on_holo_light) that varies with configuration!!
W/Resources(  945): Preloaded drawable resource #0x108010c (android:drawable/btn_check_on_holo_dark) that varies with configuration!!
I/art     (  945): Explicit concurrent mark sweep GC freed 59(75KB) AllocSpace objects, 0(0B) LOS objects, 66% free, 1541KB/4MB, paused 955us total 8.517ms
W/Resources(  945): Preloaded drawable resource #0x108010a (android:drawable/btn_check_on_focused_holo_light) that varies with configuration!!
W/Resources(  945): Preloaded drawable resource #0x1080109 (android:drawable/btn_check_on_focused_holo_dark) that varies with configuration!!
I/art     (  945): Explicit concurrent mark sweep GC freed 59(75KB) AllocSpace objects, 0(0B) LOS objects, 66% free, 1541KB/4MB, paused 953us total 6.366ms
W/Resources(  945): Preloaded drawable resource #0x1080108 (android:drawable/btn_check_on_disabled_holo_light) that varies with configuration!!
W/Resources(  945): Preloaded drawable resource #0x1080107 (android:drawable/btn_check_on_disabled_holo_dark) that varies with configuration!!
I/art     (  945): Explicit concurrent mark sweep GC freed 59(75KB) AllocSpace objects, 0(0B) LOS objects, 66% free, 1541KB/4MB, paused 964us total 7.681ms
W/Resources(  945): Preloaded drawable resource #0x1080106 (android:drawable/btn_check_on_disabled_focused_holo_light) that varies with configuration!!
W/Resources(  945): Preloaded drawable resource #0x1080105 (android:drawable/btn_check_on_disabled_focused_holo_dark) that varies with configuration!!
I/art     (  945): Explicit concurrent mark sweep GC freed 59(75KB) AllocSpace objects, 0(0B) LOS objects, 66% free, 1542KB/4MB, paused 750us total 7.546ms
W/Resources(  945): Preloaded drawable resource #0x10800fd (android:drawable/btn_check_off_pressed_holo_light) that varies with configuration!!
W/Resources(  945): Preloaded drawable resource #0x10800fc (android:drawable/btn_check_off_pressed_holo_dark) that varies with configuration!!
I/art     (  945): Explicit concurrent mark sweep GC freed 59(75KB) AllocSpace objects, 0(0B) LOS objects, 66% free, 1542KB/4MB, paused 951us total 7.164ms
W/Resources(  945): Preloaded drawable resource #0x10800f7 (android:drawable/btn_check_off_holo_light) that varies with configuration!!
W/Resources(  945): Preloaded drawable resource #0x10800f6 (android:drawable/btn_check_off_holo_dark) that varies with configuration!!
I/art     (  945): Explicit concurrent mark sweep GC freed 61(75KB) AllocSpace objects, 0(0B) LOS objects, 66% free, 1542KB/4MB, paused 950us total 6.936ms
W/Resources(  945): Preloaded drawable resource #0x10800f4 (android:drawable/btn_check_off_focused_holo_light) that varies with configuration!!
W/Resources(  945): Preloaded drawable resource #0x10800f3 (android:drawable/btn_check_off_focused_holo_dark) that varies with configuration!!
I/art     (  945): Explicit concurrent mark sweep GC freed 59(75KB) AllocSpace objects, 0(0B) LOS objects, 66% free, 1543KB/4MB, paused 1.112ms total 7.828ms
W/Resources(  945): Preloaded drawable resource #0x10800f2 (android:drawable/btn_check_off_disabled_holo_light) that varies with configuration!!
W/Resources(  945): Preloaded drawable resource #0x10800f1 (android:drawable/btn_check_off_disabled_holo_dark) that varies with configuration!!
I/art     (  945): Explicit concurrent mark sweep GC freed 59(75KB) AllocSpace objects, 0(0B) LOS objects, 66% free, 1543KB/4MB, paused 952us total 7.356ms
W/Resources(  945): Preloaded drawable resource #0x10800f0 (android:drawable/btn_check_off_disabled_focused_holo_light) that varies with configuration!!
W/Resources(  945): Preloaded drawable resource #0x10800ef (android:drawable/btn_check_off_disabled_focused_holo_dark) that varies with configuration!!
I/art     (  945): Explicit concurrent mark sweep GC freed 59(75KB) AllocSpace objects, 0(0B) LOS objects, 66% free, 1543KB/4MB, paused 983us total 7.468ms
W/Resources(  945): Preloaded drawable resource #0x108010d (android:drawable/btn_check_on_holo_light) that varies with configuration!!
W/Resources(  945): Preloaded drawable resource #0x10800f7 (android:drawable/btn_check_off_holo_light) that varies with configuration!!
W/Resources(  945): Preloaded drawable resource #0x1080111 (android:drawable/btn_check_on_pressed_holo_light) that varies with configuration!!
W/Resources(  945): Preloaded drawable resource #0x10800fd (android:drawable/btn_check_off_pressed_holo_light) that varies with configuration!!
W/Resources(  945): Preloaded drawable resource #0x108010a (android:drawable/btn_check_on_focused_holo_light) that varies with configuration!!
W/Resources(  945): Preloaded drawable resource #0x10800f4 (android:drawable/btn_check_off_focused_holo_light) that varies with configuration!!
W/Resources(  945): Preloaded drawable resource #0x10800f7 (android:drawable/btn_check_off_holo_light) that varies with configuration!!
W/Resources(  945): Preloaded drawable resource #0x108010d (android:drawable/btn_check_on_holo_light) that varies with configuration!!
W/Resources(  945): Preloaded drawable resource #0x1080108 (android:drawable/btn_check_on_disabled_holo_light) that varies with configuration!!
W/Resources(  945): Preloaded drawable resource #0x10800f2 (android:drawable/btn_check_off_disabled_holo_light) that varies with configuration!!
W/Resources(  945): Preloaded drawable resource #0x1080106 (android:drawable/btn_check_on_disabled_focused_holo_light) that varies with configuration!!
W/Resources(  945): Preloaded drawable resource #0x10800f0 (android:drawable/btn_check_off_disabled_focused_holo_light) that varies with configuration!!
W/Resources(  945): Preloaded drawable resource #0x10800f2 (android:drawable/btn_check_off_disabled_holo_light) that varies with configuration!!
W/Resources(  945): Preloaded drawable resource #0x1080108 (android:drawable/btn_check_on_disabled_holo_light) that varies with configuration!!
W/Resources(  945): Preloaded drawable resource #0x10800e5 (android:drawable/btn_check_holo_light) that varies with configuration!!
I/art     (  945): Explicit concurrent mark sweep GC freed 374(527KB) AllocSpace objects, 0(0B) LOS objects, 66% free, 1548KB/4MB, paused 2.023ms total 7.801ms
W/Resources(  945): Preloaded drawable resource #0x108010c (android:drawable/btn_check_on_holo_dark) that varies with configuration!!
W/Resources(  945): Preloaded drawable resource #0x10800f6 (android:drawable/btn_check_off_holo_dark) that varies with configuration!!
W/Resources(  945): Preloaded drawable resource #0x1080110 (android:drawable/btn_check_on_pressed_holo_dark) that varies with configuration!!
W/Resources(  945): Preloaded drawable resource #0x10800fc (android:drawable/btn_check_off_pressed_holo_dark) that varies with configuration!!
W/Resources(  945): Preloaded drawable resource #0x1080109 (android:drawable/btn_check_on_focused_holo_dark) that varies with configuration!!
W/Resources(  945): Preloaded drawable resource #0x10800f3 (android:drawable/btn_check_off_focused_holo_dark) that varies with configuration!!
W/Resources(  945): Preloaded drawable resource #0x10800f6 (android:drawable/btn_check_off_holo_dark) that varies with configuration!!
W/Resources(  945): Preloaded drawable resource #0x108010c (android:drawable/btn_check_on_holo_dark) that varies with configuration!!
W/Resources(  945): Preloaded drawable resource #0x1080107 (android:drawable/btn_check_on_disabled_holo_dark) that varies with configuration!!
W/Resources(  945): Preloaded drawable resource #0x10800f1 (android:drawable/btn_check_off_disabled_holo_dark) that varies with configuration!!
W/Resources(  945): Preloaded drawable resource #0x1080105 (android:drawable/btn_check_on_disabled_focused_holo_dark) that varies with configuration!!
W/Resources(  945): Preloaded drawable resource #0x10800ef (android:drawable/btn_check_off_disabled_focused_holo_dark) that varies with configuration!!
W/Resources(  945): Preloaded drawable resource #0x10800f1 (android:drawable/btn_check_off_disabled_holo_dark) that varies with configuration!!
W/Resources(  945): Preloaded drawable resource #0x1080107 (android:drawable/btn_check_on_disabled_holo_dark) that varies with configuration!!
W/Resources(  945): Preloaded drawable resource #0x10800e4 (android:drawable/btn_check_holo_dark) that varies with configuration!!
I/art     (  945): Explicit concurrent mark sweep GC freed 450(530KB) AllocSpace objects, 0(0B) LOS objects, 66% free, 1548KB/4MB, paused 750us total 8.350ms
W/Resources(  945): Preloaded drawable resource #0x10801c3 (android:drawable/btn_radio_on_pressed_holo_light) that varies with configuration!!
W/Resources(  945): Preloaded drawable resource #0x10801c2 (android:drawable/btn_radio_on_pressed_holo_dark) that varies with configuration!!
I/art     (  945): Explicit concurrent mark sweep GC freed 135(79KB) AllocSpace objects, 0(0B) LOS objects, 66% free, 1545KB/4MB, paused 962us total 7.314ms
W/Resources(  945): Preloaded drawable resource #0x10801bf (android:drawable/btn_radio_on_holo_light) that varies with configuration!!
W/Resources(  945): Preloaded drawable resource #0x10801be (android:drawable/btn_radio_on_holo_dark) that varies with configuration!!
I/art     (  945): Explicit concurrent mark sweep GC freed 59(75KB) AllocSpace objects, 0(0B) LOS objects, 66% free, 1545KB/4MB, paused 989us total 8.323ms
W/Resources(  945): Preloaded drawable resource #0x10801bc (android:drawable/btn_radio_on_focused_holo_light) that varies with configuration!!
W/Resources(  945): Preloaded drawable resource #0x10801bb (android:drawable/btn_radio_on_focused_holo_dark) that varies with configuration!!
I/art     (  945): Explicit concurrent mark sweep GC freed 59(75KB) AllocSpace objects, 0(0B) LOS objects, 66% free, 1546KB/4MB, paused 947us total 7.298ms
W/Resources(  945): Preloaded drawable resource #0x10801ba (android:drawable/btn_radio_on_disabled_holo_light) that varies with configuration!!
W/Resources(  945): Preloaded drawable resource #0x10801b9 (android:drawable/btn_radio_on_disabled_holo_dark) that varies with configuration!!
I/art     (  945): Explicit concurrent mark sweep GC freed 61(75KB) AllocSpace objects, 0(0B) LOS objects, 66% free, 1546KB/4MB, paused 956us total 6.141ms
W/Resources(  945): Preloaded drawable resource #0x10801b8 (android:drawable/btn_radio_on_disabled_focused_holo_light) that varies with configuration!!
W/Resources(  945): Preloaded drawable resource #0x10801b7 (android:drawable/btn_radio_on_disabled_focused_holo_dark) that varies with configuration!!
I/art     (  945): Explicit concurrent mark sweep GC freed 59(75KB) AllocSpace objects, 0(0B) LOS objects, 66% free, 1546KB/4MB, paused 949us total 6.217ms
W/Resources(  945): Preloaded drawable resource #0x10801b3 (android:drawable/btn_radio_off_pressed_holo_light) that varies with configuration!!
W/Resources(  945): Preloaded drawable resource #0x10801b2 (android:drawable/btn_radio_off_pressed_holo_dark) that varies with configuration!!
I/art     (  945): Explicit concurrent mark sweep GC freed 59(75KB) AllocSpace objects, 0(0B) LOS objects, 66% free, 1547KB/4MB, paused 952us total 7.345ms
W/Resources(  945): Preloaded drawable resource #0x10801af (android:drawable/btn_radio_off_holo_light) that varies with configuration!!
W/Resources(  945): Preloaded drawable resource #0x10801ae (android:drawable/btn_radio_off_holo_dark) that varies with configuration!!
I/art     (  945): Explicit concurrent mark sweep GC freed 59(75KB) AllocSpace objects, 0(0B) LOS objects, 66% free, 1547KB/4MB, paused 929us total 7.298ms
W/Resources(  945): Preloaded drawable resource #0x10801ac (android:drawable/btn_radio_off_focused_holo_light) that varies with configuration!!
W/Resources(  945): Preloaded drawable resource #0x10801ab (android:drawable/btn_radio_off_focused_holo_dark) that varies with configuration!!
I/art     (  945): Explicit concurrent mark sweep GC freed 59(75KB) AllocSpace objects, 0(0B) LOS objects, 66% free, 1547KB/4MB, paused 953us total 7.022ms
W/Resources(  945): Preloaded drawable resource #0x10801aa (android:drawable/btn_radio_off_disabled_holo_light) that varies with configuration!!
W/Resources(  945): Preloaded drawable resource #0x10801a9 (android:drawable/btn_radio_off_disabled_holo_dark) that varies with configuration!!
I/art     (  945): Explicit concurrent mark sweep GC freed 59(75KB) AllocSpace objects, 0(0B) LOS objects, 66% free, 1548KB/4MB, paused 951us total 6.102ms
W/Resources(  945): Preloaded drawable resource #0x10801a8 (android:drawable/btn_radio_off_disabled_focused_holo_light) that varies with configuration!!
W/Resources(  945): Preloaded drawable resource #0x10801a7 (android:drawable/btn_radio_off_disabled_focused_holo_dark) that varies with configuration!!
I/art     (  945): Explicit concurrent mark sweep GC freed 59(75KB) AllocSpace objects, 0(0B) LOS objects, 66% free, 1548KB/4MB, paused 957us total 7.112ms
W/Resources(  945): Preloaded drawable resource #0x1080152 (android:drawable/btn_default_pressed_holo_light) that varies with configuration!!
W/Resources(  945): Preloaded drawable resource #0x1080151 (android:drawable/btn_default_pressed_holo_dark) that varies with configuration!!
I/art     (  945): Explicit concurrent mark sweep GC freed 57(3KB) AllocSpace objects, 0(0B) LOS objects, 66% free, 1607KB/4MB, paused 947us total 7.790ms
W/Resources(  945): Preloaded drawable resource #0x108014e (android:drawable/btn_default_normal_holo_light) that varies with configuration!!
W/Resources(  945): Preloaded drawable resource #0x108014d (android:drawable/btn_default_normal_holo_dark) that varies with configuration!!
I/art     (  945): Explicit concurrent mark sweep GC freed 69(62KB) AllocSpace objects, 0(0B) LOS objects, 66% free, 1608KB/4MB, paused 954us total 7.121ms
W/Resources(  945): Preloaded drawable resource #0x1080144 (android:drawable/btn_default_focused_holo_light) that varies with configuration!!
W/Resources(  945): Preloaded drawable resource #0x1080143 (android:drawable/btn_default_focused_holo_dark) that varies with configuration!!
I/art     (  945): Explicit concurrent mark sweep GC freed 69(62KB) AllocSpace objects, 0(0B) LOS objects, 66% free, 1608KB/4MB, paused 1.216ms total 8.763ms
W/Resources(  945): Preloaded drawable resource #0x1080141 (android:drawable/btn_default_disabled_holo_light) that varies with configuration!!
W/Resources(  945): Preloaded drawable resource #0x1080140 (android:drawable/btn_default_disabled_holo_dark) that varies with configuration!!
I/art     (  945): Explicit concurrent mark sweep GC freed 69(62KB) AllocSpace objects, 0(0B) LOS objects, 66% free, 1608KB/4MB, paused 931us total 7.443ms
W/Resources(  945): Preloaded drawable resource #0x108013e (android:drawable/btn_default_disabled_focused_holo_light) that varies with configuration!!
W/Resources(  945): Preloaded drawable resource #0x108013d (android:drawable/btn_default_disabled_focused_holo_dark) that varies with configuration!!
I/art     (  945): Explicit concurrent mark sweep GC freed 69(62KB) AllocSpace objects, 0(0B) LOS objects, 66% free, 1609KB/4MB, paused 947us total 6.539ms
W/Resources(  945): Preloaded drawable resource #0x108014d (android:drawable/btn_default_normal_holo_dark) that varies with configuration!!
W/Resources(  945): Preloaded drawable resource #0x1080140 (android:drawable/btn_default_disabled_holo_dark) that varies with configuration!!
W/Resources(  945): Preloaded drawable resource #0x1080151 (android:drawable/btn_default_pressed_holo_dark) that varies with configuration!!
W/Resources(  945): Preloaded drawable resource #0x1080143 (android:drawable/btn_default_focused_holo_dark) that varies with configuration!!
W/Resources(  945): Preloaded drawable resource #0x108014d (android:drawable/btn_default_normal_holo_dark) that varies with configuration!!
W/Resources(  945): Preloaded drawable resource #0x108013d (android:drawable/btn_default_disabled_focused_holo_dark) that varies with configuration!!
W/Resources(  945): Preloaded drawable resource #0x1080140 (android:drawable/btn_default_disabled_holo_dark) that varies with configuration!!
W/Resources(  945): Preloaded drawable resource #0x1080145 (android:drawable/btn_default_holo_dark) that varies with configuration!!
I/art     (  945): Explicit concurrent mark sweep GC freed 209(71KB) AllocSpace objects, 0(0B) LOS objects, 66% free, 1758KB/5MB, paused 993us total 7.350ms
W/Resources(  945): Preloaded drawable resource #0x108014e (android:drawable/btn_default_normal_holo_light) that varies with configuration!!
W/Resources(  945): Preloaded drawable resource #0x1080141 (android:drawable/btn_default_disabled_holo_light) that varies with configuration!!
W/Resources(  945): Preloaded drawable resource #0x1080152 (android:drawable/btn_default_pressed_holo_light) that varies with configuration!!
W/Resources(  945): Preloaded drawable resource #0x1080144 (android:drawable/btn_default_focused_holo_light) that varies with configuration!!
W/Resources(  945): Preloaded drawable resource #0x108014e (android:drawable/btn_default_normal_holo_light) that varies with configuration!!
W/Resources(  945): Preloaded drawable resource #0x108013e (android:drawable/btn_default_disabled_focused_holo_light) that varies with configuration!!
W/Resources(  945): Preloaded drawable resource #0x1080141 (android:drawable/btn_default_disabled_holo_light) that varies with configuration!!
W/Resources(  945): Preloaded drawable resource #0x1080146 (android:drawable/btn_default_holo_light) that varies with configuration!!
I/art     (  945): Explicit concurrent mark sweep GC freed 273(220KB) AllocSpace objects, 0(0B) LOS objects, 66% free, 1759KB/5MB, paused 957us total 7.401ms
W/Resources(  945): Preloaded drawable resource #0x1080224 (android:drawable/btn_star_off_normal_holo_light) that varies with configuration!!
W/Resources(  945): Preloaded drawable resource #0x108022e (android:drawable/btn_star_on_normal_holo_light) that varies with configuration!!
I/art     (  945): Explicit concurrent mark sweep GC freed 135(283KB) AllocSpace objects, 0(0B) LOS objects, 66% free, 1551KB/4MB, paused 954us total 7.909ms
W/Resources(  945): Preloaded drawable resource #0x108022a (android:drawable/btn_star_on_disabled_holo_light) that varies with configuration!!
W/Resources(  945): Preloaded drawable resource #0x1080220 (android:drawable/btn_star_off_disabled_holo_light) that varies with configuration!!
I/art     (  945): Explicit concurrent mark sweep GC freed 59(75KB) AllocSpace objects, 0(0B) LOS objects, 66% free, 1551KB/4MB, paused 947us total 7.195ms
W/Resources(  945): Preloaded drawable resource #0x1080230 (android:drawable/btn_star_on_pressed_holo_light) that varies with configuration!!
W/Resources(  945): Preloaded drawable resource #0x1080226 (android:drawable/btn_star_off_pressed_holo_light) that varies with configuration!!
I/art     (  945): Explicit concurrent mark sweep GC freed 59(75KB) AllocSpace objects, 0(0B) LOS objects, 66% free, 1552KB/4MB, paused 2.295ms total 8.039ms
W/Resources(  945): Preloaded drawable resource #0x108022c (android:drawable/btn_star_on_focused_holo_light) that varies with configuration!!
W/Resources(  945): Preloaded drawable resource #0x1080222 (android:drawable/btn_star_off_focused_holo_light) that varies with configuration!!
I/art     (  945): Explicit concurrent mark sweep GC freed 61(76KB) AllocSpace objects, 0(0B) LOS objects, 66% free, 1552KB/4MB, paused 952us total 7.439ms
W/Resources(  945): Preloaded drawable resource #0x1080228 (android:drawable/btn_star_on_disabled_focused_holo_light) that varies with configuration!!
W/Resources(  945): Preloaded drawable resource #0x108021e (android:drawable/btn_star_off_disabled_focused_holo_light) that varies with configuration!!
I/art     (  945): Explicit concurrent mark sweep GC freed 59(75KB) AllocSpace objects, 0(0B) LOS objects, 66% free, 1553KB/4MB, paused 1.317ms total 7.166ms
W/Resources(  945): Preloaded drawable resource #0x1080224 (android:drawable/btn_star_off_normal_holo_light) that varies with configuration!!
W/Resources(  945): Preloaded drawable resource #0x108022e (android:drawable/btn_star_on_normal_holo_light) that varies with configuration!!
W/Resources(  945): Preloaded drawable resource #0x108022a (android:drawable/btn_star_on_disabled_holo_light) that varies with configuration!!
W/Resources(  945): Preloaded drawable resource #0x1080220 (android:drawable/btn_star_off_disabled_holo_light) that varies with configuration!!
W/Resources(  945): Preloaded drawable resource #0x1080230 (android:drawable/btn_star_on_pressed_holo_light) that varies with configuration!!
W/Resources(  945): Preloaded drawable resource #0x1080226 (android:drawable/btn_star_off_pressed_holo_light) that varies with configuration!!
W/Resources(  945): Preloaded drawable resource #0x108022c (android:drawable/btn_star_on_focused_holo_light) that varies with configuration!!
W/Resources(  945): Preloaded drawable resource #0x1080222 (android:drawable/btn_star_off_focused_holo_light) that varies with configuration!!
W/Resources(  945): Preloaded drawable resource #0x1080228 (android:drawable/btn_star_on_disabled_focused_holo_light) that varies with configuration!!
W/Resources(  945): Preloaded drawable resource #0x108022a (android:drawable/btn_star_on_disabled_holo_light) that varies with configuration!!
W/Resources(  945): Preloaded drawable resource #0x108021e (android:drawable/btn_star_off_disabled_focused_holo_light) that varies with configuration!!
W/Resources(  945): Preloaded drawable resource #0x1080220 (android:drawable/btn_star_off_disabled_holo_light) that varies with configuration!!
W/Resources(  945): Preloaded drawable resource #0x1080224 (android:drawable/btn_star_off_normal_holo_light) that varies with configuration!!
W/Resources(  945): Preloaded drawable resource #0x108022e (android:drawable/btn_star_on_normal_holo_light) that varies with configuration!!
W/Resources(  945): Preloaded drawable resource #0x1080219 (android:drawable/btn_star_holo_light) that varies with configuration!!
I/art     (  945): Explicit concurrent mark sweep GC freed 374(527KB) AllocSpace objects, 0(0B) LOS objects, 66% free, 1557KB/4MB, paused 957us total 7.855ms
W/Resources(  945): Preloaded drawable resource #0x1080223 (android:drawable/btn_star_off_normal_holo_dark) that varies with configuration!!
W/Resources(  945): Preloaded drawable resource #0x108022d (android:drawable/btn_star_on_normal_holo_dark) that varies with configuration!!
I/art     (  945): Explicit concurrent mark sweep GC freed 144(79KB) AllocSpace objects, 0(0B) LOS objects, 66% free, 1553KB/4MB, paused 948us total 6.250ms
W/Resources(  945): Preloaded drawable resource #0x1080229 (android:drawable/btn_star_on_disabled_holo_dark) that varies with configuration!!
W/Resources(  945): Preloaded drawable resource #0x108021f (android:drawable/btn_star_off_disabled_holo_dark) that varies with configuration!!
I/art     (  945): Explicit concurrent mark sweep GC freed 59(75KB) AllocSpace objects, 0(0B) LOS objects, 66% free, 1553KB/4MB, paused 958us total 7.038ms
W/Resources(  945): Preloaded drawable resource #0x108022f (android:drawable/btn_star_on_pressed_holo_dark) that varies with configuration!!
W/Resources(  945): Preloaded drawable resource #0x1080225 (android:drawable/btn_star_off_pressed_holo_dark) that varies with configuration!!
I/art     (  945): Explicit concurrent mark sweep GC freed 59(75KB) AllocSpace objects, 0(0B) LOS objects, 66% free, 1554KB/4MB, paused 962us total 7.904ms
W/Resources(  945): Preloaded drawable resource #0x108022b (android:drawable/btn_star_on_focused_holo_dark) that varies with configuration!!
W/Resources(  945): Preloaded drawable resource #0x1080221 (android:drawable/btn_star_off_focused_holo_dark) that varies with configuration!!
I/art     (  945): Explicit concurrent mark sweep GC freed 59(75KB) AllocSpace objects, 0(0B) LOS objects, 66% free, 1554KB/4MB, paused 1.088ms total 8.210ms
W/Resources(  945): Preloaded drawable resource #0x1080227 (android:drawable/btn_star_on_disabled_focused_holo_dark) that varies with configuration!!
W/Resources(  945): Preloaded drawable resource #0x108021d (android:drawable/btn_star_off_disabled_focused_holo_dark) that varies with configuration!!
I/art     (  945): Explicit concurrent mark sweep GC freed 59(75KB) AllocSpace objects, 0(0B) LOS objects, 66% free, 1554KB/4MB, paused 947us total 7.162ms
W/Resources(  945): Preloaded drawable resource #0x1080223 (android:drawable/btn_star_off_normal_holo_dark) that varies with configuration!!
W/Resources(  945): Preloaded drawable resource #0x108022d (android:drawable/btn_star_on_normal_holo_dark) that varies with configuration!!
W/Resources(  945): Preloaded drawable resource #0x1080229 (android:drawable/btn_star_on_disabled_holo_dark) that varies with configuration!!
W/Resources(  945): Preloaded drawable resource #0x108021f (android:drawable/btn_star_off_disabled_holo_dark) that varies with configuration!!
W/Resources(  945): Preloaded drawable resource #0x108022f (android:drawable/btn_star_on_pressed_holo_dark) that varies with configuration!!
W/Resources(  945): Preloaded drawable resource #0x1080225 (android:drawable/btn_star_off_pressed_holo_dark) that varies with configuration!!
W/Resources(  945): Preloaded drawable resource #0x108022b (android:drawable/btn_star_on_focused_holo_dark) that varies with configuration!!
W/Resources(  945): Preloaded drawable resource #0x1080221 (android:drawable/btn_star_off_focused_holo_dark) that varies with configuration!!
W/Resources(  945): Preloaded drawable resource #0x1080227 (android:drawable/btn_star_on_disabled_focused_holo_dark) that varies with configuration!!
W/Resources(  945): Preloaded drawable resource #0x1080229 (android:drawable/btn_star_on_disabled_holo_dark) that varies with configuration!!
W/Resources(  945): Preloaded drawable resource #0x108021d (android:drawable/btn_star_off_disabled_focused_holo_dark) that varies with configuration!!
W/Resources(  945): Preloaded drawable resource #0x108021f (android:drawable/btn_star_off_disabled_holo_dark) that varies with configuration!!
W/Resources(  945): Preloaded drawable resource #0x1080223 (android:drawable/btn_star_off_normal_holo_dark) that varies with configuration!!
W/Resources(  945): Preloaded drawable resource #0x108022d (android:drawable/btn_star_on_normal_holo_dark) that varies with configuration!!
W/Resources(  945): Preloaded drawable resource #0x1080218 (android:drawable/btn_star_holo_dark) that varies with configuration!!
I/art     (  945): Explicit concurrent mark sweep GC freed 374(527KB) AllocSpace objects, 0(0B) LOS objects, 66% free, 1559KB/4MB, paused 2.505ms total 7.870ms
W/Resources(  945): Preloaded drawable resource #0x1080264 (android:drawable/btn_toggle_on_pressed_holo_light) that varies with configuration!!
W/Resources(  945): Preloaded drawable resource #0x1080263 (android:drawable/btn_toggle_on_pressed_holo_dark) that varies with configuration!!
I/art     (  945): Explicit concurrent mark sweep GC freed 142(7KB) AllocSpace objects, 0(0B) LOS objects, 66% free, 1614KB/4MB, paused 956us total 7.837ms
W/Resources(  945): Preloaded drawable resource #0x1080262 (android:drawable/btn_toggle_on_normal_holo_light) that varies with configuration!!
W/Resources(  945): Preloaded drawable resource #0x1080261 (android:drawable/btn_toggle_on_normal_holo_dark) that varies with configuration!!
I/art     (  945): Explicit concurrent mark sweep GC freed 69(62KB) AllocSpace objects, 0(0B) LOS objects, 66% free, 1614KB/4MB, paused 956us total 7.176ms
W/Resources(  945): Preloaded drawable resource #0x1080260 (android:drawable/btn_toggle_on_focused_holo_light) that varies with configuration!!
W/Resources(  945): Preloaded drawable resource #0x108025f (android:drawable/btn_toggle_on_focused_holo_dark) that varies with configuration!!
I/art     (  945): Explicit concurrent mark sweep GC freed 69(62KB) AllocSpace objects, 0(0B) LOS objects, 66% free, 1615KB/4MB, paused 952us total 6.752ms
W/Resources(  945): Preloaded drawable resource #0x108025e (android:drawable/btn_toggle_on_disabled_holo_light) that varies with configuration!!
W/Resources(  945): Preloaded drawable resource #0x108025d (android:drawable/btn_toggle_on_disabled_holo_dark) that varies with configuration!!
I/art     (  945): Explicit concurrent mark sweep GC freed 69(62KB) AllocSpace objects, 0(0B) LOS objects, 66% free, 1615KB/4MB, paused 2.710ms total 7.127ms
W/Resources(  945): Preloaded drawable resource #0x108025c (android:drawable/btn_toggle_on_disabled_focused_holo_light) that varies with configuration!!
W/Resources(  945): Preloaded drawable resource #0x108025b (android:drawable/btn_toggle_on_disabled_focused_holo_dark) that varies with configuration!!
I/art     (  945): Explicit concurrent mark sweep GC freed 69(62KB) AllocSpace objects, 0(0B) LOS objects, 66% free, 1615KB/4MB, paused 1.736ms total 7.895ms
W/Resources(  945): Preloaded drawable resource #0x1080259 (android:drawable/btn_toggle_off_pressed_holo_light) that varies with configuration!!
W/Resources(  945): Preloaded drawable resource #0x1080258 (android:drawable/btn_toggle_off_pressed_holo_dark) that varies with configuration!!
I/art     (  945): Explicit concurrent mark sweep GC freed 69(62KB) AllocSpace objects, 0(0B) LOS objects, 66% free, 1616KB/4MB, paused 1.615ms total 7.200ms
W/Resources(  945): Preloaded drawable resource #0x1080257 (android:drawable/btn_toggle_off_normal_holo_light) that varies with configuration!!
W/Resources(  945): Preloaded drawable resource #0x1080256 (android:drawable/btn_toggle_off_normal_holo_dark) that varies with configuration!!
