I/GoogleHttpClient( 1736): Falling back to old SSLCertificateSocketFactory
I/ConfigFetchService( 1736): fetch service done; releasing wakelock
I/ConfigFetchService( 1736): stopping self
I/ConfigService( 1718): onDestroy
E/StrictMode( 2275): A resource was acquired at attached stack trace but never released. See java.io.Closeable for information on avoiding resource leaks.
E/StrictMode( 2275): java.lang.Throwable: Explicit termination method 'release' not called
E/StrictMode( 2275): 	at dalvik.system.CloseGuard.open(CloseGuard.java:184)
E/StrictMode( 2275): 	at android.drm.DrmManagerClient.<init>(DrmManagerClient.java:258)
E/StrictMode( 2275): 	at com.google.ccc.abuse.droidguard.DroidGuard.runNative(Native Method)
E/StrictMode( 2275): 	at com.google.ccc.abuse.droidguard.DroidGuard.run(Unknown Source)
E/StrictMode( 2275): 	at java.lang.reflect.Method.invoke(Native Method)
E/StrictMode( 2275): 	at java.lang.reflect.Method.invoke(Method.java:372)
E/StrictMode( 2275): 	at com.google.android.gms.droidguard.d.f.a(SourceFile:34)
E/StrictMode( 2275): 	at com.google.android.gms.droidguard.d.l.a(SourceFile:71)
E/StrictMode( 2275): 	at com.google.android.gms.droidguard.d.k.a(SourceFile:92)
E/StrictMode( 2275): 	at com.google.android.gms.droidguard.d.k.a(SourceFile:68)
E/StrictMode( 2275): 	at com.google.android.gms.droidguard.l.a(SourceFile:221)
E/StrictMode( 2275): 	at com.google.android.gms.droidguard.c.t.onTransact(SourceFile:60)
E/StrictMode( 2275): 	at android.os.Binder.execTransact(Binder.java:446)
D/BackupManagerService( 1244): Received broadcast Intent { act=android.intent.action.PACKAGE_CHANGED dat=package:com.google.android.gms flg=0x4000010 (has extras) }
I/BackupManagerService( 1244): Unbinding ComponentInfo{com.google.android.gms/com.google.android.gms.backup.BackupTransportService}
I/InputReader( 1244): Reconfiguring input devices.  changes=0x00000010
I/BackupManagerService( 1244): Binding to transport host ComponentInfo{com.google.android.gms/com.google.android.gms.backup.BackupTransportService}
I/GoogleHttpClient( 1681): Falling back to old SSLCertificateSocketFactory
V/BackupManagerService( 1244): Connected to transport ComponentInfo{com.google.android.gms/com.google.android.gms.backup.BackupTransportService}
E/ActivityThread( 1681): Service com.google.android.gms.backup.BackupTransportService has leaked ServiceConnection com.google.android.gms.http.f@1130e778 that was originally bound here
E/ActivityThread( 1681): android.app.ServiceConnectionLeaked: Service com.google.android.gms.backup.BackupTransportService has leaked ServiceConnection com.google.android.gms.http.f@1130e778 that was originally bound here
E/ActivityThread( 1681): 	at android.app.LoadedApk$ServiceDispatcher.<init>(LoadedApk.java:1072)
E/ActivityThread( 1681): 	at android.app.LoadedApk.getServiceDispatcher(LoadedApk.java:966)
E/ActivityThread( 1681): 	at android.app.ContextImpl.bindServiceCommon(ContextImpl.java:1768)
E/ActivityThread( 1681): 	at android.app.ContextImpl.bindService(ContextImpl.java:1751)
E/ActivityThread( 1681): 	at android.content.ContextWrapper.bindService(ContextWrapper.java:538)
E/ActivityThread( 1681): 	at com.google.android.gms.http.e.<init>(SourceFile:94)
E/ActivityThread( 1681): 	at com.google.android.gms.http.GoogleHttpClient.<init>(SourceFile:234)
E/ActivityThread( 1681): 	at com.google.android.gms.http.GoogleHttpClient.<init>(SourceFile:196)
E/ActivityThread( 1681): 	at com.google.android.gms.backup.BackupTransportService.onCreate(SourceFile:1172)
E/ActivityThread( 1681): 	at android.app.ActivityThread.handleCreateService(ActivityThread.java:2731)
E/ActivityThread( 1681): 	at android.app.ActivityThread.access$1800(ActivityThread.java:144)
E/ActivityThread( 1681): 	at android.app.ActivityThread$H.handleMessage(ActivityThread.java:1361)
E/ActivityThread( 1681): 	at android.os.Handler.dispatchMessage(Handler.java:102)
E/ActivityThread( 1681): 	at android.os.Looper.loop(Looper.java:135)
E/ActivityThread( 1681): 	at android.app.ActivityThread.main(ActivityThread.java:5221)
E/ActivityThread( 1681): 	at java.lang.reflect.Method.invoke(Native Method)
E/ActivityThread( 1681): 	at java.lang.reflect.Method.invoke(Method.java:372)
E/ActivityThread( 1681): 	at com.android.internal.os.ZygoteInit$MethodAndArgsCaller.run(ZygoteInit.java:899)
E/ActivityThread( 1681): 	at com.android.internal.os.ZygoteInit.main(ZygoteInit.java:694)
E/StrictMode( 1681): null
E/StrictMode( 1681): android.app.ServiceConnectionLeaked: Service com.google.android.gms.backup.BackupTransportService has leaked ServiceConnection com.google.android.gms.http.f@1130e778 that was originally bound here
E/StrictMode( 1681): 	at android.app.LoadedApk$ServiceDispatcher.<init>(LoadedApk.java:1072)
E/StrictMode( 1681): 	at android.app.LoadedApk.getServiceDispatcher(LoadedApk.java:966)
E/StrictMode( 1681): 	at android.app.ContextImpl.bindServiceCommon(ContextImpl.java:1768)
E/StrictMode( 1681): 	at android.app.ContextImpl.bindService(ContextImpl.java:1751)
E/StrictMode( 1681): 	at android.content.ContextWrapper.bindService(ContextWrapper.java:538)
E/StrictMode( 1681): 	at com.google.android.gms.http.e.<init>(SourceFile:94)
E/StrictMode( 1681): 	at com.google.android.gms.http.GoogleHttpClient.<init>(SourceFile:234)
E/StrictMode( 1681): 	at com.google.android.gms.http.GoogleHttpClient.<init>(SourceFile:196)
E/StrictMode( 1681): 	at com.google.android.gms.backup.BackupTransportService.onCreate(SourceFile:1172)
E/StrictMode( 1681): 	at android.app.ActivityThread.handleCreateService(ActivityThread.java:2731)
E/StrictMode( 1681): 	at android.app.ActivityThread.access$1800(ActivityThread.java:144)
E/StrictMode( 1681): 	at android.app.ActivityThread$H.handleMessage(ActivityThread.java:1361)
E/StrictMode( 1681): 	at android.os.Handler.dispatchMessage(Handler.java:102)
E/StrictMode( 1681): 	at android.os.Looper.loop(Looper.java:135)
E/StrictMode( 1681): 	at android.app.ActivityThread.main(ActivityThread.java:5221)
E/StrictMode( 1681): 	at java.lang.reflect.Method.invoke(Native Method)
E/StrictMode( 1681): 	at java.lang.reflect.Method.invoke(Method.java:372)
E/StrictMode( 1681): 	at com.android.internal.os.ZygoteInit$MethodAndArgsCaller.run(ZygoteInit.java:899)
E/StrictMode( 1681): 	at com.android.internal.os.ZygoteInit.main(ZygoteInit.java:694)
V/BackupManagerService( 1244): Registering transport com.google.android.gms/.backup.BackupTransportService::com.google.android.gms/.backup.BackupTransportService = com.android.internal.backup.IBackupTransport$Stub$Proxy@2ec50adb
I/Backup  ( 1718): [BackupTransportMigratorService] Starting migration...
I/GCoreNlp( 1681): shouldConfirmNlp, NLP off. Ensuring opt-in disabled
D/PackageBroadcastService( 1736): Received broadcast action=android.intent.action.PACKAGE_CHANGED and uri=com.google.android.gms
I/PackageBroadcastService( 1736): Null package name or gms related package.  Ignoreing.
I/Icing   ( 1736): updateResources: need to parse e{com.google.android.gms}
I/Launcher( 1462): Deferring update until onResume
V/GmsNetworkLocationProvi( 1681): DISABLE
E/Backup  ( 1718): [LegacyBackupAccountManager] Fail to get legacy transport context.
E/Backup  ( 1718): android.content.pm.PackageManager$NameNotFoundException: Application package com.google.android.backup not found
E/Backup  ( 1718): 	at android.app.ContextImpl.createPackageContextAsUser(ContextImpl.java:2139)
E/Backup  ( 1718): 	at android.app.ContextImpl.createPackageContext(ContextImpl.java:2115)
E/Backup  ( 1718): 	at android.content.ContextWrapper.createPackageContext(ContextWrapper.java:658)
E/Backup  ( 1718): 	at com.google.android.gms.backup.am.<init>(SourceFile:47)
E/Backup  ( 1718): 	at com.google.android.gms.backup.BackupTransportMigratorService.b(SourceFile:162)
E/Backup  ( 1718): 	at com.google.android.gms.backup.BackupTransportMigratorService.onHandleIntent(SourceFile:80)
E/Backup  ( 1718): 	at android.app.IntentService$ServiceHandler.handleMessage(IntentService.java:65)
E/Backup  ( 1718): 	at android.os.Handler.dispatchMessage(Handler.java:102)
E/Backup  ( 1718): 	at android.os.Looper.loop(Looper.java:135)
E/Backup  ( 1718): 	at android.os.HandlerThread.run(HandlerThread.java:61)
W/Backup  ( 1718): [LegacyBackupAccountManager] No google accounts found!
D/Backup  ( 1718): [BackupTransportMigratorService] Couldn't find backup account, notifying.
I/Backup  ( 1718): [BackupTransportMigratorService] Component name not found : com.google.android.backuptransport/com.google.android.backup.BackupTransportService
I/Backup  ( 1718): [BackupTransportMigratorService] Component name not found : com.google.android.backup/com.google.android.backup.BackupTransportService
I/Backup  ( 1718): [BackupTransportMigratorService] Successfully migrated to use GMS BackupTransportService!
E/Backup  ( 1718): [LegacyBackupAccountManager] Fail to get legacy transport context.
E/Backup  ( 1718): android.content.pm.PackageManager$NameNotFoundException: Application package com.google.android.backup not found
E/Backup  ( 1718): 	at android.app.ContextImpl.createPackageContextAsUser(ContextImpl.java:2139)
E/Backup  ( 1718): 	at android.app.ContextImpl.createPackageContext(ContextImpl.java:2115)
E/Backup  ( 1718): 	at android.content.ContextWrapper.createPackageContext(ContextWrapper.java:658)
E/Backup  ( 1718): 	at com.google.android.gms.backup.am.<init>(SourceFile:47)
E/Backup  ( 1718): 	at com.google.android.gms.backup.a.a(SourceFile:65)
E/Backup  ( 1718): 	at com.google.android.gms.backup.c.a(SourceFile:39)
E/Backup  ( 1718): 	at com.google.android.gms.backup.b.a(SourceFile:67)
E/Backup  ( 1718): 	at com.google.android.gms.backup.b.a(SourceFile:39)
E/Backup  ( 1718): 	at com.google.android.gms.backup.BackupAccountNotifierService.onHandleIntent(SourceFile:76)
E/Backup  ( 1718): 	at android.app.IntentService$ServiceHandler.handleMessage(IntentService.java:65)
E/Backup  ( 1718): 	at android.os.Handler.dispatchMessage(Handler.java:102)
E/Backup  ( 1718): 	at android.os.Looper.loop(Looper.java:135)
E/Backup  ( 1718): 	at android.os.HandlerThread.run(HandlerThread.java:61)
W/Backup  ( 1718): [LegacyBackupAccountManager] No google accounts found!
I/ActivityManager( 1244): Waited long enough for: ServiceRecord{fc58a9d u0 com.android.calendar/.alerts.InitAlarmsService}
I/CheckinService( 1736): Done disabling old GoogleServicesFramework version
I/ActivityManager( 1244): Waited long enough for: ServiceRecord{cd6557a u0 com.google.android.gms/.wearable.service.WearableService}
D/InitAlarmsService( 2145): Clearing and rescheduling alarms.
I/ActivityManager( 1244): Killing 1555:com.android.printspooler/u0a42 (adj 15): empty #17
W/libprocessgroup( 1244): failed to open /acct/uid_10042/pid_1555/cgroup.procs: No such file or directory
I/MediaFocusControl( 1244):  AudioFocus  abandonAudioFocus() from android.media.AudioManager@361936b6com.android.music.MediaPlaybackService$3@3e2befb7
I/ActivityManager( 1244): Killing 1807:com.android.quicksearchbox/u0a44 (adj 15): empty #17
W/libprocessgroup( 1244): failed to open /acct/uid_10044/pid_1807/cgroup.procs: No such file or directory
I/art     ( 1326): Background sticky concurrent mark sweep GC freed 8600(349KB) AllocSpace objects, 0(0B) LOS objects, 4% free, 11MB/11MB, paused 8.420ms total 17.423ms
