V/EmulatedCamera_CallbackNotifier(  942):     CAMERA_MSG_SHUTTER
V/EmulatedCamera_CallbackNotifier(  942):     CAMERA_MSG_FOCUS
V/EmulatedCamera_CallbackNotifier(  942):     CAMERA_MSG_ZOOM
V/EmulatedCamera_CallbackNotifier(  942):     CAMERA_MSG_PREVIEW_FRAME
V/EmulatedCamera_CallbackNotifier(  942):     CAMERA_MSG_VIDEO_FRAME
V/EmulatedCamera_CallbackNotifier(  942):     CAMERA_MSG_POSTVIEW_FRAME
V/EmulatedCamera_CallbackNotifier(  942):     CAMERA_MSG_RAW_IMAGE
V/EmulatedCamera_CallbackNotifier(  942):     CAMERA_MSG_COMPRESSED_IMAGE
V/EmulatedCamera_CallbackNotifier(  942):     CAMERA_MSG_RAW_IMAGE_NOTIFY
V/EmulatedCamera_CallbackNotifier(  942):     CAMERA_MSG_PREVIEW_METADATA
V/EmulatedCamera_CallbackNotifier(  942): **** Currently enabled messages:
V/EmulatedCamera_Camera(  942): doStopPreview
V/EmulatedCamera_Camera(  942): cancelPicture
V/EmulatedCamera_Camera(  942): releaseCamera
V/EmulatedCamera_Camera(  942): doStopPreview
V/EmulatedCamera_FakeDevice(  942): disconnectDevice
I/CameraClient(  942): Destroying camera 0
V/EmulatedCamera_Camera(  942): closeCamera
V/EmulatedCamera_Camera(  942): doStopPreview
D/NuPlayerDriver(  942): reset(0xb446c040)
D/NuPlayerDriver(  942): notifyResetComplete(0xb446c040)
D/NuPlayerDriver(  942): reset(0xb446c160)
D/NuPlayerDriver(  942): notifyResetComplete(0xb446c160)
V/EmulatedCamera_Camera(  942): getCameraInfo
V/EmulatedCamera_BaseCamera(  942): getCameraInfo
I/CameraService(  942): getCameraCharacteristics: Switching to HAL1 shim implementation...
V/EmulatedCamera_Camera(  942): getCameraInfo
V/EmulatedCamera_BaseCamera(  942): getCameraInfo
V/EmulatedCamera_Camera(  942): getCameraInfo
V/EmulatedCamera_BaseCamera(  942): getCameraInfo
I/CameraClient(  942): Opening camera 1
V/EmulatedCamera_Camera(  942): getCameraInfo
V/EmulatedCamera_BaseCamera(  942): getCameraInfo
V/EmulatedCamera_Camera(  942): connectCamera
V/EmulatedCamera_FakeDevice(  942): connectDevice
V/EmulatedCamera_CallbackNotifier(  942): setCallbacks: 0xb6b36c00, 0xb6b36fb0, 0xb6b370c0, 0xb6b375b0 (0xb446f220)
V/EmulatedCamera_CallbackNotifier(  942): enableMessage: msg_type = 0xc0d
V/EmulatedCamera_CallbackNotifier(  942):     CAMERA_MSG_ERROR
V/EmulatedCamera_CallbackNotifier(  942):     CAMERA_MSG_FOCUS
V/EmulatedCamera_CallbackNotifier(  942):     CAMERA_MSG_ZOOM
V/EmulatedCamera_CallbackNotifier(  942):     CAMERA_MSG_PREVIEW_METADATA
V/EmulatedCamera_CallbackNotifier(  942): **** Currently enabled messages:
V/EmulatedCamera_CallbackNotifier(  942):     CAMERA_MSG_ERROR
V/EmulatedCamera_CallbackNotifier(  942):     CAMERA_MSG_FOCUS
V/EmulatedCamera_CallbackNotifier(  942):     CAMERA_MSG_ZOOM
V/EmulatedCamera_CallbackNotifier(  942):     CAMERA_MSG_PREVIEW_METADATA
V/EmulatedCamera_CallbackNotifier(  942): disableMessage: msg_type = 0xffff
V/EmulatedCamera_CallbackNotifier(  942):     CAMERA_MSG_ERROR
V/EmulatedCamera_CallbackNotifier(  942):     CAMERA_MSG_SHUTTER
V/EmulatedCamera_CallbackNotifier(  942):     CAMERA_MSG_FOCUS
V/EmulatedCamera_CallbackNotifier(  942):     CAMERA_MSG_ZOOM
V/EmulatedCamera_CallbackNotifier(  942):     CAMERA_MSG_PREVIEW_FRAME
V/EmulatedCamera_CallbackNotifier(  942):     CAMERA_MSG_VIDEO_FRAME
V/EmulatedCamera_CallbackNotifier(  942):     CAMERA_MSG_POSTVIEW_FRAME
V/EmulatedCamera_CallbackNotifier(  942):     CAMERA_MSG_RAW_IMAGE
V/EmulatedCamera_CallbackNotifier(  942):     CAMERA_MSG_COMPRESSED_IMAGE
V/EmulatedCamera_CallbackNotifier(  942):     CAMERA_MSG_RAW_IMAGE_NOTIFY
V/EmulatedCamera_CallbackNotifier(  942):     CAMERA_MSG_PREVIEW_METADATA
V/EmulatedCamera_CallbackNotifier(  942): **** Currently enabled messages:
V/EmulatedCamera_Camera(  942): doStopPreview
V/EmulatedCamera_Camera(  942): cancelPicture
V/EmulatedCamera_Camera(  942): releaseCamera
V/EmulatedCamera_Camera(  942): doStopPreview
V/EmulatedCamera_FakeDevice(  942): disconnectDevice
I/CameraClient(  942): Destroying camera 1
V/EmulatedCamera_Camera(  942): closeCamera
V/EmulatedCamera_Camera(  942): doStopPreview
D/NuPlayerDriver(  942): reset(0xb446f040)
D/NuPlayerDriver(  942): notifyResetComplete(0xb446f040)
D/NuPlayerDriver(  942): reset(0xb446f160)
D/NuPlayerDriver(  942): notifyResetComplete(0xb446f160)
V/EmulatedCamera_Camera(  942): getCameraInfo
V/EmulatedCamera_BaseCamera(  942): getCameraInfo
V/EmulatedCamera_Camera(  942): getCameraInfo
V/EmulatedCamera_BaseCamera(  942): getCameraInfo
V/EmulatedCamera_Camera(  942): getCameraInfo
V/EmulatedCamera_BaseCamera(  942): getCameraInfo
V/EmulatedCamera_Camera(  942): getCameraInfo
V/EmulatedCamera_BaseCamera(  942): getCameraInfo
D/OpenGLRenderer( 1326): Render dirty regions requested: true
D/        ( 1326): HostConnection::get() New Host Connection established 0xa5703b40, tid 1326
D/Atlas   ( 1326): Validating map...
D/PhoneStatusBar( 1326): disable: < expand icons alerts system_info back home recent clock search >
I/art     ( 1462): Background sticky concurrent mark sweep GC freed 793(78KB) AllocSpace objects, 1(144KB) LOS objects, 0% free, 5MB/5MB, paused 1.056ms total 155.087ms
E/BluetoothAdapter( 1326): Bluetooth binder is null
D/PhoneStatusBar( 1326): heads up is enabled
I/art     ( 1462): Background partial concurrent mark sweep GC freed 332(19KB) AllocSpace objects, 1(81KB) LOS objects, 30% free, 9MB/13MB, paused 14.632ms total 99.403ms
E/SQLiteLog( 1376): (283) recovered 90 frames from WAL file /data/data/com.android.providers.media/databases/external.db-wal
I/art     ( 1326): Background sticky concurrent mark sweep GC freed 5914(393KB) AllocSpace objects, 0(0B) LOS objects, 0% free, 11MB/11MB, paused 1.271ms total 141.818ms
W/EGL_emulation( 1462): eglSurfaceAttrib not implemented
W/OpenGLRenderer( 1462): Failed to set EGL_SWAP_BEHAVIOR on surface 0xa6629ea0, error=EGL_SUCCESS
D/DefContainer( 1643): Copying /data/local/tmp/hello.jcw27.washington.edu.activityspy to base.apk
I/Choreographer( 1326): Skipped 173 frames!  The application may be doing too much work on its main thread.
D/ViewRootImpl( 1326): changeCanvasOpacity: opaque=true
I/ContactLocale( 1535): AddressBook Labels [en-US]: [, A, B, C, D, E, F, G, H, I, J, K, L, M, N, O, P, Q, R, S, T, U, V, W, X, Y, Z, , , , , , , , , , , , , , , , , , , , , , , , , , , , , , , , , , , , , , , , , , , , , , , , , , , , , , , , , , , , , , , , , , , , , , , , , , , , , , , , , , , , , , , , , , , , , , , , , , , , , , , , , , , , , , , , , , , , , , , , , , , , , , , , , , , , , , , , , , , , , , , , , , , , , , , , , , , , , , , , , , , , , , , , , , , , , , , , , , , , , , , , , , , , #, ]
D/        ( 1326): HostConnection::get() New Host Connection established 0xa5703c10, tid 1674
I/OpenGLRenderer( 1326): Initialized EGL, version 1.4
I/LatinIME:LogUtils( 1359): Dictionary info: dictionary = main:en ; version = 47 ; date = 1402373178
D/OpenGLRenderer( 1326): Enabling debug mode 0
D/        (  931): HostConnection::get() New Host Connection established 0xb5f674e0, tid 1544
W/EGL_emulation( 1326): eglSurfaceAttrib not implemented
W/OpenGLRenderer( 1326): Failed to set EGL_SWAP_BEHAVIOR on surface 0xa5721d40, error=EGL_SUCCESS
W/EGL_emulation( 1326): eglSurfaceAttrib not implemented
W/OpenGLRenderer( 1326): Failed to set EGL_SWAP_BEHAVIOR on surface 0xa5721d60, error=EGL_SUCCESS
I/SystemServiceManager( 1244): Starting phase 1000
I/ActivityManager( 1244): Start proc com.google.process.location for on-hold: pid=1681 uid=10007 gids={50007, 9997, 3002, 3001, 3003, 1028, 1015, 1005, 1007, 3007, 2001, 3006} abi=x86
D/WifiService( 1244): New client listening to asynchronous messages
V/KeyguardServiceDelegate( 1244): *** Keyguard started
W/KeyguardServiceDelegate( 1244): onScreenTurnedOn(): no keyguard service!
W/ResourcesManager( 1681): Asset path '/system/framework/com.android.media.remotedisplay.jar' does not exist or contains no resources.
W/ResourcesManager( 1681): Asset path '/system/framework/com.android.location.provider.jar' does not exist or contains no resources.
D/OpenGLRenderer( 1326): setting property extraRasterBucket to 0.95
D/OpenGLRenderer( 1326):     failed
D/OpenGLRenderer( 1326): setting property extraRasterBucket to 0.0
D/OpenGLRenderer( 1326):     failed
I/ActivityManager( 1244): Start proc com.android.externalstorage for broadcast com.android.externalstorage/.MountReceiver: pid=1700 uid=10006 gids={50006, 9997, 1028, 1015, 1023} abi=x86
W/OpenGLRenderer( 1462): Incorrectly called buildLayer on View: ShortcutAndWidgetContainer, destroying layer...
W/OpenGLRenderer( 1462): Incorrectly called buildLayer on View: ShortcutAndWidgetContainer, destroying layer...
W/OpenGLRenderer( 1462): Incorrectly called buildLayer on View: ShortcutAndWidgetContainer, destroying layer...
I/art     ( 1244): Explicit concurrent mark sweep GC freed 21184(1529KB) AllocSpace objects, 17(517KB) LOS objects, 30% free, 9MB/13MB, paused 1.149ms total 119.828ms
V/KeyguardServiceDelegate( 1244): *** Keyguard connected (yay!)
D/VoldCmdListener(  930): cryptfs getpw
D/VoldCmdListener(  930): cryptfs clearpw
D/PhoneStatusBar( 1326): disable: < expand icons alerts system_info back HOME* RECENT* clock SEARCH* >
I/MultiDex( 1681): VM with version 2.1.0 has multidex support
I/MultiDex( 1681): install
I/MultiDex( 1681): VM has multidex support, MultiDex support library is disabled.
D/PhoneStatusBar( 1326): disable: < expand ICONS* alerts SYSTEM_INFO* back HOME RECENT clock SEARCH >
D/PhoneStatusBar( 1326): disable: < expand ICONS alerts SYSTEM_INFO back HOME RECENT clock SEARCH >
D/PackageManager( 1244): Renaming /data/app/vmdl669848546.tmp to /data/app/hello.jcw27.washington.edu.activityspy-1
I/ActivityManager( 1244): Force stopping hello.jcw27.washington.edu.activityspy appid=10059 user=-1: uninstall pkg
W/EGL_emulation( 1326): eglSurfaceAttrib not implemented
W/OpenGLRenderer( 1326): Failed to set EGL_SWAP_BEHAVIOR on surface 0xa5721d40, error=EGL_SUCCESS
I/ActivityManager( 1244): Start proc com.google.process.gapps for content provider com.google.android.gsf/.gservices.GservicesProvider: pid=1718 uid=10007 gids={50007, 9997, 3002, 3001, 3003, 1028, 1015, 1005, 1007, 3007, 2001, 3006} abi=x86
I/PackageManager( 1244): Package hello.jcw27.washington.edu.activityspy codePath changed from /data/app/hello.jcw27.washington.edu.activityspy-2 to /data/app/hello.jcw27.washington.edu.activityspy-1; Retaining data and using new
I/art     ( 1244): DexFile_isDexOptNeeded failed to open oat file '/data/dalvik-cache/x86/data@app@hello.jcw27.washington.edu.activityspy-1@base.apk@classes.dex' for file location '/data/app/hello.jcw27.washington.edu.activityspy-1/base.apk': Failed to open oat filename for reading: No such file or directory
I/art     ( 1244): DexFile_isDexOptNeeded failed to open oat file '/data/app/hello.jcw27.washington.edu.activityspy-1/x86/base.odex' for file location '/data/app/hello.jcw27.washington.edu.activityspy-1/base.apk': Failed to open oat filename for reading: No such file or directory
I/PackageManager( 1244): Running dexopt on: /data/app/hello.jcw27.washington.edu.activityspy-1/base.apk pkg=hello.jcw27.washington.edu.activityspy isa=x86 vmSafeMode=false
D/ExternalStorage( 1700): After updating volumes, found 1 active roots
W/ResourceType( 1462): No package identifier when getting value for resource number 0x00000000
W/ResourceType( 1462): No package identifier when getting value for resource number 0x00000000
W/PackageManager( 1462): Failure retrieving resources for com.android.speechrecorder: Resource ID #0x0
W/ResourceType( 1462): No package identifier when getting value for resource number 0x00000000
W/PackageManager( 1462): Failure retrieving resources for com.android.speechrecorder: Resource ID #0x0
D/ExternalStorage( 1700): After updating volumes, found 1 active roots
I/dex2oat ( 1733): /system/bin/dex2oat --zip-fd=6 --zip-location=/data/app/hello.jcw27.washington.edu.activityspy-1/base.apk --oat-fd=7 --oat-location=/data/dalvik-cache/x86/data@app@hello.jcw27.washington.edu.activityspy-1@base.apk@classes.dex --instruction-set=x86 --instruction-set-features=default --runtime-arg -Xms64m --runtime-arg -Xmx512m
V/KeyguardServiceDelegate( 1244): **** SHOWN CALLED ****
I/Choreographer( 1326): Skipped 30 frames!  The application may be doing too much work on its main thread.
D/MediaScannerReceiver( 1376): action: android.intent.action.MEDIA_MOUNTED path: /storage/sdcard
I/ActivityManager( 1244): Start proc com.google.android.gms for broadcast com.google.android.gms/com.google.android.location.internal.NlpNetworkProviderSettingsUpdateReceiver: pid=1736 uid=10007 gids={50007, 9997, 3002, 3001, 3003, 1028, 1015, 1005, 1007, 3007, 2001, 3006} abi=x86
D/ActivityThread( 1718): Loading provider com.google.android.gsf.gservices: com.google.android.gsf.gservices.GservicesProvider
I/GservicesProvider( 1718): Gservices pushing to system: true; secure/global: true
W/ResourcesManager( 1736): Asset path '/system/framework/com.android.media.remotedisplay.jar' does not exist or contains no resources.
W/ResourcesManager( 1736): Asset path '/system/framework/com.android.location.provider.jar' does not exist or contains no resources.
I/MultiDex( 1736): VM with version 2.1.0 has multidex support
I/MultiDex( 1736): install
I/MultiDex( 1736): VM has multidex support, MultiDex support library is disabled.
I/GoogleHttpClient( 1718): GMS http client unavailable, use old client
I/GservicesProvider( 1718): Gservices pushing to system: true; secure/global: true
I/ProviderInstaller( 1681): Insert disabled by gate 'gms:security:enable_conscrypt_in_gms_application'
W/dex2oat ( 1733): Before Android 4.1, method int android.support.v7.internal.widget.ListViewCompat.lookForSelectablePosition(int, boolean) would have incorrectly overridden the package-private method in android.widget.ListView
I/art     ( 1718): Background sticky concurrent mark sweep GC freed 9269(743KB) AllocSpace objects, 0(0B) LOS objects, 36% free, 717KB/1135KB, paused 1.044ms total 218.739ms
V/MediaScanner( 1376): pruneDeadThumbnailFiles... android.database.sqlite.SQLiteCursor@3f967689
V/MediaScanner( 1376): /pruneDeadThumbnailFiles... android.database.sqlite.SQLiteCursor@3f967689
E/StrictMode( 1718): A resource was acquired at attached stack trace but never released. See java.io.Closeable for information on avoiding resource leaks.
E/StrictMode( 1718): java.lang.Throwable: Explicit termination method 'close' not called
E/StrictMode( 1718): 	at dalvik.system.CloseGuard.open(CloseGuard.java:184)
E/StrictMode( 1718): 	at android.database.sqlite.SQLiteDatabase.openInner(SQLiteDatabase.java:807)
E/StrictMode( 1718): 	at android.database.sqlite.SQLiteDatabase.open(SQLiteDatabase.java:791)
E/StrictMode( 1718): 	at android.database.sqlite.SQLiteDatabase.openDatabase(SQLiteDatabase.java:694)
E/StrictMode( 1718): 	at android.app.ContextImpl.openOrCreateDatabase(ContextImpl.java:1142)
E/StrictMode( 1718): 	at android.content.ContextWrapper.openOrCreateDatabase(ContextWrapper.java:267)
E/StrictMode( 1718): 	at android.database.sqlite.SQLiteOpenHelper.getDatabaseLocked(SQLiteOpenHelper.java:223)
E/StrictMode( 1718): 	at android.database.sqlite.SQLiteOpenHelper.getWritableDatabase(SQLiteOpenHelper.java:163)
E/StrictMode( 1718): 	at com.google.android.gsf.gservices.GservicesProvider.computeLocalDigestAndUpdateValues(GservicesProvider.java:450)
E/StrictMode( 1718): 	at com.google.android.gsf.gservices.GservicesProvider.onCreate(GservicesProvider.java:185)
E/StrictMode( 1718): 	at android.content.ContentProvider.attachInfo(ContentProvider.java:1686)
E/StrictMode( 1718): 	at android.content.ContentProvider.attachInfo(ContentProvider.java:1655)
E/StrictMode( 1718): 	at android.app.ActivityThread.installProvider(ActivityThread.java:4964)
E/StrictMode( 1718): 	at android.app.ActivityThread.installContentProviders(ActivityThread.java:4559)
E/StrictMode( 1718): 	at android.app.ActivityThread.handleBindApplication(ActivityThread.java:4499)
E/StrictMode( 1718): 	at android.app.ActivityThread.access$1500(ActivityThread.java:144)
E/StrictMode( 1718): 	at android.app.ActivityThread$H.handleMessage(ActivityThread.java:1339)
E/StrictMode( 1718): 	at android.os.Handler.dispatchMessage(Handler.java:102)
E/StrictMode( 1718): 	at android.os.Looper.loop(Looper.java:135)
E/StrictMode( 1718): 	at android.app.ActivityThread.main(ActivityThread.java:5221)
E/StrictMode( 1718): 	at java.lang.reflect.Method.invoke(Native Method)
E/StrictMode( 1718): 	at java.lang.reflect.Method.invoke(Method.java:372)
E/StrictMode( 1718): 	at com.android.internal.os.ZygoteInit$MethodAndArgsCaller.run(ZygoteInit.java:899)
E/StrictMode( 1718): 	at com.android.internal.os.ZygoteInit.main(ZygoteInit.java:694)
I/GoogleHttpClient( 1681): Falling back to old SSLCertificateSocketFactory
W/ResourcesManager( 1718): Asset path '/system/framework/com.android.media.remotedisplay.jar' does not exist or contains no resources.
W/ResourcesManager( 1718): Asset path '/system/framework/com.android.location.provider.jar' does not exist or contains no resources.
I/MultiDex( 1718): VM with version 2.1.0 has multidex support
I/MultiDex( 1718): install
I/MultiDex( 1718): VM has multidex support, MultiDex support library is disabled.
I/ProviderInstaller( 1718): Insert disabled by gate 'gms:security:enable_conscrypt_in_gms_application'
W/art     ( 1681): Suspending all threads took: 32.465ms
I/art     ( 1681): Background sticky concurrent mark sweep GC freed 1871(101KB) AllocSpace objects, 0(0B) LOS objects, 3% free, 1097KB/1135KB, paused 33.678ms total 345.968ms
I/art     ( 1681): Background partial concurrent mark sweep GC freed 834(81KB) AllocSpace objects, 0(0B) LOS objects, 48% free, 1068KB/2MB, paused 14.982ms total 26.763ms
V/BackupManagerService( 1244): Connected to transport ComponentInfo{com.google.android.gms/com.google.android.gms.backup.BackupTransportService}
V/BackupManagerService( 1244): Registering transport com.google.android.gms/.backup.BackupTransportService::com.google.android.gms/.backup.BackupTransportService = com.android.internal.backup.IBackupTransport$Stub$Proxy@fae907e
I/Backup  ( 1718): [BackupTransportMigratorService] Starting migration...
W/art     ( 1736): Suspending all threads took: 79.992ms
I/art     ( 1718): Background sticky concurrent mark sweep GC freed 436(42KB) AllocSpace objects, 0(0B) LOS objects, 0% free, 2MB/2MB, paused 1.055ms total 221.497ms
I/GCoreNlp( 1681): shouldConfirmNlp, NLP off. Ensuring opt-in disabled
W/art     ( 1736): Suspending all threads took: 24.743ms
I/art     ( 1718): Background partial concurrent mark sweep GC freed 297(26KB) AllocSpace objects, 0(0B) LOS objects, 39% free, 2MB/3MB, paused 1.350ms total 125.947ms
W/art     ( 1736): Suspending all threads took: 12.359ms
I/ProviderInstaller( 1736): Insert disabled by gate 'gms:security:enable_conscrypt_in_gms_application'
I/ActivityManager( 1244): Start proc com.google.android.gms.ui for broadcast com.google.android.gms/com.google.android.location.network.LocationProviderChangeReceiver: pid=1767 uid=10007 gids={50007, 9997, 3002, 3001, 3003, 1028, 1015, 1005, 1007, 3007, 2001, 3006} abi=x86
W/ResourcesManager( 1767): Asset path '/system/framework/com.android.media.remotedisplay.jar' does not exist or contains no resources.
W/ResourcesManager( 1767): Asset path '/system/framework/com.android.location.provider.jar' does not exist or contains no resources.
I/MultiDex( 1767): VM with version 2.1.0 has multidex support
I/MultiDex( 1767): install
I/MultiDex( 1767): VM has multidex support, MultiDex support library is disabled.
I/ProviderInstaller( 1767): Insert disabled by gate 'gms:security:enable_conscrypt_in_gms_application'
W/art     ( 1767): Suspending all threads took: 5.932ms
I/GCoreNlp( 1767): shouldConfirmNlp, NLP off. Ensuring opt-in disabled
I/GCoreUlr( 1681): Starting service, intent=Intent { act=com.google.android.location.reporting.ACTION_UPDATE_WORLD cmp=com.google.android.gms/com.google.android.location.reporting.service.DispatchingService (has extras) }, extras=Bundle[{receiverAction=android.location.PROVIDERS_CHANGED}]
D/GeofencerStateMachine( 1681): Creating GeofencerStateMachine
E/Backup  ( 1718): [LegacyBackupAccountManager] Fail to get legacy transport context.
E/Backup  ( 1718): android.content.pm.PackageManager$NameNotFoundException: Application package com.google.android.backup not found
E/Backup  ( 1718): 	at android.app.ContextImpl.createPackageContextAsUser(ContextImpl.java:2139)
E/Backup  ( 1718): 	at android.app.ContextImpl.createPackageContext(ContextImpl.java:2115)
E/Backup  ( 1718): 	at android.content.ContextWrapper.createPackageContext(ContextWrapper.java:658)
E/Backup  ( 1718): 	at com.google.android.gms.backup.am.<init>(SourceFile:47)
E/Backup  ( 1718): 	at com.google.android.gms.backup.BackupTransportMigratorService.b(SourceFile:162)
E/Backup  ( 1718): 	at com.google.android.gms.backup.BackupTransportMigratorService.onHandleIntent(SourceFile:80)
E/Backup  ( 1718): 	at android.app.IntentService$ServiceHandler.handleMessage(IntentService.java:65)
E/Backup  ( 1718): 	at android.os.Handler.dispatchMessage(Handler.java:102)
E/Backup  ( 1718): 	at android.os.Looper.loop(Looper.java:135)
E/Backup  ( 1718): 	at android.os.HandlerThread.run(HandlerThread.java:61)
W/Backup  ( 1718): [LegacyBackupAccountManager] No google accounts found!
D/Backup  ( 1718): [BackupTransportMigratorService] Couldn't find backup account, notifying.
I/Backup  ( 1718): [BackupTransportMigratorService] Component name not found : com.google.android.backuptransport/com.google.android.backup.BackupTransportService
I/Backup  ( 1718): [BackupTransportMigratorService] Component name not found : com.google.android.backup/com.google.android.backup.BackupTransportService
I/Backup  ( 1718): [BackupTransportMigratorService] Successfully migrated to use GMS BackupTransportService!
I/art     (  945): Background concurrent mark sweep GC freed 780(33KB) AllocSpace objects, 0(0B) LOS objects, 90% free, 110KB/1134KB, paused 11.217ms total 17.585ms
I/ActivityManager( 1244): Start proc com.android.deskclock for broadcast com.android.deskclock/com.android.alarmclock.AnalogAppWidgetProvider: pid=1790 uid=10022 gids={50022, 9997, 1028} abi=x86
D/WifiService( 1244): New client listening to asynchronous messages
E/Backup  ( 1718): [LegacyBackupAccountManager] Fail to get legacy transport context.
E/Backup  ( 1718): android.content.pm.PackageManager$NameNotFoundException: Application package com.google.android.backup not found
E/Backup  ( 1718): 	at android.app.ContextImpl.createPackageContextAsUser(ContextImpl.java:2139)
E/Backup  ( 1718): 	at android.app.ContextImpl.createPackageContext(ContextImpl.java:2115)
E/Backup  ( 1718): 	at android.content.ContextWrapper.createPackageContext(ContextWrapper.java:658)
E/Backup  ( 1718): 	at com.google.android.gms.backup.am.<init>(SourceFile:47)
E/Backup  ( 1718): 	at com.google.android.gms.backup.a.a(SourceFile:65)
E/Backup  ( 1718): 	at com.google.android.gms.backup.c.a(SourceFile:39)
E/Backup  ( 1718): 	at com.google.android.gms.backup.b.a(SourceFile:67)
E/Backup  ( 1718): 	at com.google.android.gms.backup.b.a(SourceFile:39)
E/Backup  ( 1718): 	at com.google.android.gms.backup.BackupAccountNotifierService.onHandleIntent(SourceFile:76)
E/Backup  ( 1718): 	at android.app.IntentService$ServiceHandler.handleMessage(IntentService.java:65)
E/Backup  ( 1718): 	at android.os.Handler.dispatchMessage(Handler.java:102)
E/Backup  ( 1718): 	at android.os.Looper.loop(Looper.java:135)
E/Backup  ( 1718): 	at android.os.HandlerThread.run(HandlerThread.java:61)
W/Backup  ( 1718): [LegacyBackupAccountManager] No google accounts found!
I/ActivityManager( 1244): Start proc com.android.quicksearchbox for broadcast com.android.quicksearchbox/.SearchWidgetProvider: pid=1807 uid=10044 gids={50044, 9997, 3003} abi=x86
I/ActivityManager( 1244): Start proc com.google.android.gms.wearable for service com.google.android.gms/.wearable.service.WearableService: pid=1822 uid=10007 gids={50007, 9997, 3002, 3001, 3003, 1028, 1015, 1005, 1007, 3007, 2001, 3006} abi=x86
I/art     (  945): Explicit concurrent mark sweep GC freed 707(30KB) AllocSpace objects, 0(0B) LOS objects, 90% free, 110KB/1134KB, paused 1.031ms total 27.684ms
W/ResourcesManager( 1822): Asset path '/system/framework/com.android.media.remotedisplay.jar' does not exist or contains no resources.
W/ResourcesManager( 1822): Asset path '/system/framework/com.android.location.provider.jar' does not exist or contains no resources.
I/MultiDex( 1822): VM with version 2.1.0 has multidex support
I/MultiDex( 1822): install
I/MultiDex( 1822): VM has multidex support, MultiDex support library is disabled.
I/ProviderInstaller( 1822): Insert disabled by gate 'gms:security:enable_conscrypt_in_gms_application'
I/art     (  945): Explicit concurrent mark sweep GC freed 5(160B) AllocSpace objects, 0(0B) LOS objects, 90% free, 110KB/1134KB, paused 1.032ms total 28.255ms
I/art     (  945): Explicit concurrent mark sweep GC freed 5(160B) AllocSpace objects, 0(0B) LOS objects, 90% free, 110KB/1134KB, paused 1.024ms total 47.898ms
I/art     (  945): Background concurrent mark sweep GC freed 80(2976B) AllocSpace objects, 0(0B) LOS objects, 90% free, 111KB/1135KB, paused 13.850ms total 20.191ms
I/ActivityManager( 1244): Start proc com.example.android.apis for broadcast com.example.android.apis/.appwidget.ExampleAppWidgetProvider: pid=1840 uid=10050 gids={50050, 9997, 3003, 1028, 1015} abi=x86
W/art     ( 1822): Suspending all threads took: 52.667ms
I/art     ( 1822): Background partial concurrent mark sweep GC freed 107(18KB) AllocSpace objects, 0(0B) LOS objects, 48% free, 1081KB/2MB, paused 53.995ms total 194.156ms
I/dex2oat ( 1861): /system/bin/dex2oat --runtime-arg -classpath --runtime-arg  --instruction-set=x86 --instruction-set-features=default --runtime-arg -Xrelocate --boot-image=/system/framework/boot.art --dex-file=/data/data/com.google.android.gms/cache/ads-559494294.jar --oat-fd=42 --oat-location=/data/data/com.google.android.gms/cache/ads-559494294.dex --runtime-arg -Xms64m --runtime-arg -Xmx512m
E/SQLiteLog( 1822): (284) automatic index on assetrefs(dataitems_id)
I/dex2oat ( 1861): dex2oat took 270.624ms (threads: 1)
D/ExampleAppWidgetProvider( 1840): onEnabled
D/AndroidRuntime( 1840): Shutting down VM
--------- beginning of crash
E/AndroidRuntime( 1840): FATAL EXCEPTION: main
E/AndroidRuntime( 1840): Process: com.example.android.apis, PID: 1840
E/AndroidRuntime( 1840): java.lang.RuntimeException: Unable to start receiver com.example.android.apis.appwidget.ExampleAppWidgetProvider: java.lang.IllegalArgumentException: Component class .appwidget.ExampleBroadcastReceiver does not exist in com.example.android.apis
E/AndroidRuntime( 1840): 	at android.app.ActivityThread.handleReceiver(ActivityThread.java:2586)
E/AndroidRuntime( 1840): 	at android.app.ActivityThread.access$1700(ActivityThread.java:144)
E/AndroidRuntime( 1840): 	at android.app.ActivityThread$H.handleMessage(ActivityThread.java:1355)
E/AndroidRuntime( 1840): 	at android.os.Handler.dispatchMessage(Handler.java:102)
E/AndroidRuntime( 1840): 	at android.os.Looper.loop(Looper.java:135)
E/AndroidRuntime( 1840): 	at android.app.ActivityThread.main(ActivityThread.java:5221)
E/AndroidRuntime( 1840): 	at java.lang.reflect.Method.invoke(Native Method)
E/AndroidRuntime( 1840): 	at java.lang.reflect.Method.invoke(Method.java:372)
E/AndroidRuntime( 1840): 	at com.android.internal.os.ZygoteInit$MethodAndArgsCaller.run(ZygoteInit.java:899)
E/AndroidRuntime( 1840): 	at com.android.internal.os.ZygoteInit.main(ZygoteInit.java:694)
E/AndroidRuntime( 1840): Caused by: java.lang.IllegalArgumentException: Component class .appwidget.ExampleBroadcastReceiver does not exist in com.example.android.apis
E/AndroidRuntime( 1840): 	at android.os.Parcel.readException(Parcel.java:1544)
E/AndroidRuntime( 1840): 	at android.os.Parcel.readException(Parcel.java:1493)
E/AndroidRuntime( 1840): 	at android.content.pm.IPackageManager$Stub$Proxy.setComponentEnabledSetting(IPackageManager.java:3386)
E/AndroidRuntime( 1840): 	at android.app.ApplicationPackageManager.setComponentEnabledSetting(ApplicationPackageManager.java:1489)
E/AndroidRuntime( 1840): 	at com.example.android.apis.appwidget.ExampleAppWidgetProvider.onEnabled(ExampleAppWidgetProvider.java:84)
E/AndroidRuntime( 1840): 	at android.appwidget.AppWidgetProvider.onReceive(AppWidgetProvider.java:85)
E/AndroidRuntime( 1840): 	at android.app.ActivityThread.handleReceiver(ActivityThread.java:2579)
E/AndroidRuntime( 1840): 	... 9 more
D/Atlas   ( 1244): Validating map...
I/OpenGLRenderer( 1244): Initialized EGL, version 1.4
W/EGL_emulation( 1244): eglSurfaceAttrib not implemented
W/OpenGLRenderer( 1244): Failed to set EGL_SWAP_BEHAVIOR on surface 0xa48f6460, error=EGL_SUCCESS
I/art     ( 1681): Background sticky concurrent mark sweep GC freed 7938(660KB) AllocSpace objects, 0(0B) LOS objects, 19% free, 2MB/3MB, paused 12.497ms total 86.276ms
I/art     ( 1244): Explicit concurrent mark sweep GC freed 41111(2MB) AllocSpace objects, 20(966KB) LOS objects, 30% free, 8MB/12MB, paused 1.151ms total 57.686ms
I/Places  ( 1681): ay.<init>:165: Creating ReverseGeocodingPlaceInferenceModule
I/Places  ( 1681): ay.<init>:165: Creating WifiDecisionTreePlaceInferenceModule
E/copresGcore( 1681): WifiMedium: Wifi is not supported!!
I/GCoreUlr( 1681): DispatchingService.onCreate()
E/BluetoothAdapter( 1681): Bluetooth binder is null
I/art     ( 1681): Background sticky concurrent mark sweep GC freed 5767(507KB) AllocSpace objects, 6(96KB) LOS objects, 1% free, 3MB/3MB, paused 1.836ms total 246.865ms
W/art     ( 1681): Suspending all threads took: 85.489ms
I/art     ( 1681): Background partial concurrent mark sweep GC freed 2843(186KB) AllocSpace objects, 0(0B) LOS objects, 39% free, 3MB/5MB, paused 86.923ms total 112.198ms
V/GeofencerHelper( 1681): Initializing geofence's system cache.
D/GeofenceStateCache( 1681): Recovered 0 geofences.
I/GeofencerStateMachine( 1681): Network location disabled.
D/GCoreFlp( 1681): Unknown pending intent to remove.
W/GeofencerStateMachine( 1681): Ignoring removeGeofence because network location is disabled.
I/GCoreUlr( 1681): WorldUpdater received intent Intent { act=com.google.android.location.reporting.ACTION_UPDATE_WORLD cmp=com.google.android.gms/com.google.android.location.reporting.service.DispatchingService (has extras) } with receiverAction android.location.PROVIDERS_CHANGED
W/Settings( 1681): Setting airplane_mode_on has moved from android.provider.Settings.System to android.provider.Settings.Global, returning read-only value.
W/Settings( 1681): Setting airplane_mode_on has moved from android.provider.Settings.System to android.provider.Settings.Global, returning read-only value.
I/ActivityManager( 1244): Start proc com.android.music for broadcast com.android.music/.MediaButtonIntentReceiver: pid=1890 uid=10036 gids={50036, 9997, 3003, 1028, 1015} abi=x86
E/copresGcore( 1681): ObfuscatedGaiaIdLookup: Could not load ObfuscatedGaiaIds: /data/data/com.google.android.gms/files/copresence_gaia_id: open failed: ENOENT (No such file or directory)
W/copresGcore( 1681): CopresenceAccountManager: No copresence accounts found after init.
E/copresGcore( 1681): Couldn't load settings: /data/data/com.google.android.gms/files/copresence_settings: open failed: ENOENT (No such file or directory)
I/dex2oat ( 1733): dex2oat took 8.362s (threads: 1)
W/PackageManager( 1244): Code path for pkg : hello.jcw27.washington.edu.activityspy changing from /data/app/hello.jcw27.washington.edu.activityspy-2 to /data/app/hello.jcw27.washington.edu.activityspy-1
W/PackageManager( 1244): Resource path for pkg : hello.jcw27.washington.edu.activityspy changing from /data/app/hello.jcw27.washington.edu.activityspy-2 to /data/app/hello.jcw27.washington.edu.activityspy-1
I/ActivityManager( 1244): Force stopping hello.jcw27.washington.edu.activityspy appid=10059 user=-1: update pkg
I/Choreographer( 1326): Skipped 32 frames!  The application may be doing too much work on its main thread.
D/PhoneStatusBar( 1326): disable: < expand ICONS alerts SYSTEM_INFO back HOME RECENT clock SEARCH >
I/art     (  945): Background concurrent mark sweep GC freed 784(33KB) AllocSpace objects, 0(0B) LOS objects, 90% free, 111KB/1135KB, paused 22.905ms total 29.187ms
I/RecoverySystem( 1244): No recovery log file
I/ActivityManager( 1244): Start proc com.android.keychain for service com.android.keychain/.KeyChainService: pid=1909 uid=1000 gids={41000, 9997, 1028, 1015, 3002, 3001, 3003} abi=x86
I/ActivityManager( 1244): Force stopping hello.jcw27.washington.edu.activityspy appid=10059 user=0: pkg removed
I/BootReceiver( 1244): Copying audit failures to DropBox
I/BootReceiver( 1244): Checking for fsck errors
I/BootReceiver( 1244): Copying /data/tombstones/tombstone_00 to DropBox (SYSTEM_TOMBSTONE)
E/SharedPreferencesImpl( 1244): Couldn't create directory for SharedPreferences file shared_prefs/log_files.xml
D/PhoneStatusBar( 1326): disable: < expand icons* alerts system_info* back HOME RECENT clock SEARCH >
I/BootReceiver( 1244): Copying /data/tombstones/tombstone_01 to DropBox (SYSTEM_TOMBSTONE)
E/SharedPreferencesImpl( 1244): Couldn't create directory for SharedPreferences file shared_prefs/log_files.xml
E/SharedPreferencesImpl( 1244): Couldn't create directory for SharedPreferences file shared_prefs/log_files.xml
I/BootReceiver( 1244): Copying /data/tombstones/tombstone_02 to DropBox (SYSTEM_TOMBSTONE)
I/art     ( 1462): Explicit concurrent mark sweep GC freed 3520(198KB) AllocSpace objects, 6(486KB) LOS objects, 25% free, 11MB/15MB, paused 1.248ms total 59.452ms
D/BackupManagerService( 1244): Received broadcast Intent { act=android.intent.action.PACKAGE_REMOVED dat=package:hello.jcw27.washington.edu.activityspy flg=0x4000010 (has extras) }
D/JobSchedulerService( 1244): Receieved: android.intent.action.PACKAGE_REMOVED
I/InputReader( 1244): Reconfiguring input devices.  changes=0x00000010
I/InputReader( 1244): Reconfiguring input devices.  changes=0x00000010
I/InputReader( 1244): Reconfiguring input devices.  changes=0x00000010
D/BackupManagerService( 1244): Received broadcast Intent { act=android.intent.action.PACKAGE_ADDED dat=package:hello.jcw27.washington.edu.activityspy flg=0x4000010 (has extras) }
W/BackupManagerService( 1244): Removing schedule queue dupe of hello.jcw27.washington.edu.activityspy
W/ResourceType( 1244): No package identifier when getting value for resource number 0x00000000
W/PackageManager( 1244): Failure retrieving resources for com.google.android.gms: Resource ID #0x0
I/Coffee - GoogleTrustAgent( 1681): GoogleTrustAgent created.
W/Settings( 1244): Setting install_non_market_apps has moved from android.provider.Settings.Global to android.provider.Settings.Secure, returning read-only value.
I/GCoreUlr( 1681): No GCM registration ID
E/BluetoothAdapter( 1681): Bluetooth binder is null
W/EGL_emulation( 1326): eglSurfaceAttrib not implemented
W/OpenGLRenderer( 1326): Failed to set EGL_SWAP_BEHAVIOR on surface 0xa5772f40, error=EGL_SUCCESS
I/art     ( 1244): Background sticky concurrent mark sweep GC freed 12489(1135KB) AllocSpace objects, 24(2MB) LOS objects, 16% free, 10MB/12MB, paused 2.288ms total 339.703ms
V/NFC     ( 1681): this device does not have NFC support
D/PhoneStatusBar( 1326): disable: < expand icons alerts system_info back home* recent* clock search* >
I/ActivityManager( 1244): Start proc com.android.dialer for broadcast com.android.dialer/.calllog.CallLogReceiver: pid=1930 uid=10004 gids={50004, 9997, 3003, 1028, 1015} abi=x86
I/Coffee - TrustletManager( 1681): Starting trustlet Place
D/Coffee - NearbyAlertTracker( 1681): GoogleApiClient connected
E/SQLiteLog( 1718): (283) recovered 18 frames from WAL file /data/data/com.google.android.gms/databases/playlog.db-wal
I/BootReceiver( 1244): Copying /data/tombstones/tombstone_03 to DropBox (SYSTEM_TOMBSTONE)
E/SharedPreferencesImpl( 1244): Couldn't create directory for SharedPreferences file shared_prefs/log_files.xml
I/art     ( 1244): WaitForGcToComplete blocked for 312.742ms for cause Explicit
I/GCoreUlr( 1681): Ensuring that reporting is stopped because of reasons: (no Google accounts)
I/BootReceiver( 1244): Copying /data/tombstones/tombstone_04 to DropBox (SYSTEM_TOMBSTONE)
E/SharedPreferencesImpl( 1244): Couldn't create directory for SharedPreferences file shared_prefs/log_files.xml
D/GCoreFlp( 1681): Unknown pending intent to remove.
I/GCoreUlr( 1681): Unbound from all location providers
W/VoiceInteractionManagerService( 1244): no available voice recognition services found for user 0
E/SharedPreferencesImpl( 1244): Couldn't create directory for SharedPreferences file shared_prefs/log_files.xml
I/BootReceiver( 1244): Copying /data/tombstones/tombstone_05 to DropBox (SYSTEM_TOMBSTONE)
W/EGL_emulation( 1326): eglSurfaceAttrib not implemented
W/OpenGLRenderer( 1326): Failed to set EGL_SWAP_BEHAVIOR on surface 0xa5721d40, error=EGL_SUCCESS
I/BootReceiver( 1244): Copying /data/tombstones/tombstone_06 to DropBox (SYSTEM_TOMBSTONE)
E/SharedPreferencesImpl( 1244): Couldn't create directory for SharedPreferences file shared_prefs/log_files.xml
I/BootReceiver( 1244): Copying /data/tombstones/tombstone_07 to DropBox (SYSTEM_TOMBSTONE)
E/SharedPreferencesImpl( 1244): Couldn't create directory for SharedPreferences file shared_prefs/log_files.xml
I/art     ( 1244): Explicit concurrent mark sweep GC freed 9063(693KB) AllocSpace objects, 31(5MB) LOS objects, 26% free, 11MB/15MB, paused 26.969ms total 480.990ms
I/art     ( 1244): WaitForGcToComplete blocked for 438.706ms for cause Background
D/ExtensionsFactory( 1930): No custom extensions.
D/AndroidRuntime( 1599): Shutting down VM
I/art     ( 1599): Debugger is no longer active
I/BootReceiver( 1244): Copying /data/tombstones/tombstone_08 to DropBox (SYSTEM_TOMBSTONE)
E/SharedPreferencesImpl( 1244): Couldn't create directory for SharedPreferences file shared_prefs/log_files.xml
I/BootReceiver( 1244): Copying /data/tombstones/tombstone_09 to DropBox (SYSTEM_TOMBSTONE)
E/SharedPreferencesImpl( 1244): Couldn't create directory for SharedPreferences file shared_prefs/log_files.xml
W/AudioTrack( 1244): AUDIO_OUTPUT_FLAG_FAST denied by client
I/Process ( 1840): Sending signal. PID: 1840 SIG: 9
I/ActivityManager( 1244): Process com.example.android.apis (pid 1840) has died
D/OpenGLRenderer( 1244): endAllStagingAnimators on 0xa49d5500 (RippleDrawable) with handle 0xa5fd11c0
W/InputMethodManagerService( 1244): Window already focused, ignoring focus gain of: com.android.internal.view.IInputMethodClient$Stub$Proxy@2a02022b attribute=null, token = android.os.BinderProxy@26db6ad8
D/ConnectivityService( 1244): Got NetworkFactory Messenger for Telephony
D/TelephonyProvider( 1444): dbh.onOpen: ok, queried table=siminfo
D/TelephonyProvider( 1444): dbh.onOpen: ok, queried table=carriers
D/GpsLocationProvider( 1244): received SIM realted action: android.intent.action.SIM_STATE_CHANGED
D/GpsLocationProvider( 1244): SIM MCC/MNC is still not available
D/DcSwitchState( 1444): [DcSwitchState-0] DcSwitchState constructor E
D/DcSwitchState( 1444): [DcSwitchState-0] DcSwitchState constructor X
D/DctController( 1444): [DctController] DctController(phones): Connect success: 0
E/BluetoothAdapter( 1444): Bluetooth binder is null
D/ConnectivityService( 1244): Got NetworkFactory Messenger for WIFI
D/WIFI    ( 1244): got request NetworkRequest [ id=1, legacyType=-1, [ Capabilities: INTERNET&NOT_RESTRICTED&TRUSTED&NOT_VPN] ] with score 0
I/ActivityManager( 1244): Start proc com.android.providers.calendar for broadcast com.android.providers.calendar/.CalendarReceiver: pid=1971 uid=10001 gids={50001, 9997, 3003, 1028, 1015} abi=x86
W/ResourcesManager( 1971): Asset path '/system/framework/android.test.runner.jar' does not exist or contains no resources.
D/AlarmManagerService( 1244): Kernel timezone updated to 480 minutes west of GMT
D/AlarmManagerService( 1244): Setting time of day to sec=1421794425
D/AndroidRuntime( 1970): 
D/AndroidRuntime( 1970): >>>>>> AndroidRuntime START com.android.internal.os.RuntimeInit <<<<<<
D/AndroidRuntime( 1970): CheckJNI is ON
E/memtrack( 1970): Couldn't load memtrack module (No such file or directory)
E/android.os.Debug( 1970): failed to load memtrack module: -2
D/AndroidRuntime( 1970): Calling main entry com.android.commands.am.Am
I/ActivityManager( 1244): START u0 {act=android.intent.action.MAIN cat=[android.intent.category.LAUNCHER] flg=0x10000000 cmp=hello.jcw27.washington.edu.activityspy/.MainActivity} from uid 0 on display 0
I/UsageStatsService( 1244): User[0] Flushing usage stats to disk
D/AndroidRuntime( 1970): Shutting down VM
I/art     ( 1970): Debugger is no longer active
I/art     ( 1995): Not late-enabling -Xcheck:jni (already on)
I/ActivityManager( 1244): Start proc hello.jcw27.washington.edu.activityspy for activity hello.jcw27.washington.edu.activityspy/.MainActivity: pid=1995 uid=10059 gids={50059, 9997} abi=x86
D/TelephonyNetworkFactory( 1444): got request NetworkRequest [ id=1, legacyType=-1, [ Capabilities: INTERNET&NOT_RESTRICTED&TRUSTED&NOT_VPN] ] with score 0
D/TelephonyNetworkFactory( 1444): Cellular needs Network for NetworkRequest [ id=1, legacyType=-1, [ Capabilities: INTERNET&NOT_RESTRICTED&TRUSTED&NOT_VPN] ]
D/DctController( 1444): [DctController] EVENT_PHONE1_RADIO_OFF.
D/TelephonyDebugService( 1444): TelephonyDebugService()
I/MainActivity( 1995): onCreate event fired
I/MainActivity( 1995): onStart event fired
I/MainActivity( 1995): onResume event fired
D/OpenGLRenderer( 1995): Render dirty regions requested: true
D/        ( 1995): HostConnection::get() New Host Connection established 0xa6d4a550, tid 1995
D/Atlas   ( 1995): Validating map...
W/art     ( 1444): Suspending all threads took: 6.744ms
I/art     ( 1444): Background sticky concurrent mark sweep GC freed 9187(956KB) AllocSpace objects, 2(32KB) LOS objects, 43% free, 1363KB/2MB, paused 9.072ms total 21.988ms
D/DctController( 1444): [DctController] DataStateReceiver: phoneId= 0
D/DctController( 1444): [DctController] DataStateReceiver: ignore invalid subId=-1
D/MccTable( 1444): updateMccMncConfiguration mccmnc='310260' fromServiceState=true
D/MccTable( 1444): updateMccMncConfiguration defaultMccMnc=
D/MccTable( 1444): updateMccMncConfiguration: mcc=310, mnc=260
D/MccTable( 1444): getLocaleFromMcc to en_us mcc=310
D/MccTable( 1444): getLocaleForLanguageCountry: skipping already persisted
D/MccTable( 1444): WIFI_COUNTRY_CODE set to us
D/        ( 1995): HostConnection::get() New Host Connection established 0xa6d4a960, tid 2016
D/WifiService( 1244): New client listening to asynchronous messages
I/WifiService( 1244): WifiService trying to set country code to us with persist set to true
I/OpenGLRenderer( 1995): Initialized EGL, version 1.4
D/OpenGLRenderer( 1995): Enabling debug mode 0
W/EGL_emulation( 1995): eglSurfaceAttrib not implemented
W/OpenGLRenderer( 1995): Failed to set EGL_SWAP_BEHAVIOR on surface 0xae1d8d60, error=EGL_SUCCESS
I/art     ( 1244): Background sticky concurrent mark sweep GC freed 7678(614KB) AllocSpace objects, 27(4MB) LOS objects, 16% free, 10MB/12MB, paused 17.619ms total 209.836ms
D/AlarmManagerService( 1244): Kernel timezone updated to 480 minutes west of GMT
E/PhoneInterfaceManager( 1444): [PhoneIntfMgr] getIccId: ICC ID is null or empty.
I/CheckinService( 1736): active receiver: enabled
I/CheckinService( 1736): Disabling old GoogleServicesFramework version
I/CalendarProvider2( 1971): Created com.android.providers.calendar.CalendarAlarmManager@3ef620db(com.android.providers.calendar.CalendarProvider2@1130e778)
I/ActivityManager( 1244): Displayed hello.jcw27.washington.edu.activityspy/.MainActivity: +1s339ms
I/Telephony( 1444): PstnIncomingCallNotifier: Registering: Handler (com.android.internal.telephony.gsm.GSMPhone) {3da5a09b}
I/ActivityManager( 1244): Start proc com.android.managedprovisioning for broadcast com.android.managedprovisioning/.BootReminder: pid=2029 uid=10009 gids={50009, 9997, 1028, 3003} abi=x86
I/UsageStatsDatabase( 1244): Moving file /data/system/usagestats/0/daily/1421193737040 to /data/system/usagestats/0/daily/1421193750603
I/UsageStatsDatabase( 1244): Moving file /data/system/usagestats/0/daily/1421280096730 to /data/system/usagestats/0/daily/1421280110293
I/UsageStatsDatabase( 1244): Moving file /data/system/usagestats/0/daily/1421625669288 to /data/system/usagestats/0/daily/1421625682851
I/UsageStatsDatabase( 1244): Moving file /data/system/usagestats/0/daily/1421712060389 to /data/system/usagestats/0/daily/1421712073952
I/UsageStatsDatabase( 1244): Moving file /data/system/usagestats/0/weekly/1420675337040 to /data/system/usagestats/0/weekly/1420675350603
I/UsageStatsDatabase( 1244): Moving file /data/system/usagestats/0/weekly/1421280096730 to /data/system/usagestats/0/weekly/1421280110293
I/UsageStatsDatabase( 1244): Moving file /data/system/usagestats/0/monthly/1420416137040 to /data/system/usagestats/0/monthly/1420416150603
I/UsageStatsDatabase( 1244): Moving file /data/system/usagestats/0/yearly/1419120137040 to /data/system/usagestats/0/yearly/1419120150603
I/UsageStatsService( 1244): User[0] Rollover scheduled @ 2015-01-20 16:00:00(1421798400000)
D/DctController( 1444): [DctController] DataStateReceiver: phoneId= 0
D/DctController( 1444): [DctController] DataStateReceiver: ignore invalid subId=-1
D/MccTable( 1444): updateMccMncConfiguration mccmnc='310260' fromServiceState=false
D/MccTable( 1444): updateMccMncConfiguration defaultMccMnc=
D/MccTable( 1444): updateMccMncConfiguration: mcc=310, mnc=260
D/MccTable( 1444): getLocaleFromMcc to en_us mcc=310
D/MccTable( 1444): getLocaleForLanguageCountry: skipping already persisted
D/MccTable( 1444): updateMccMncConfiguration updateConfig config={1.0 310mcc260mnc ?locale ?layoutDir ?swdp ?wdp ?hdp ?density ?lsize ?long ?orien ?uimode ?night ?touch ?keyb/?/? ?nav/?}
I/ActivityManager( 1244): Config changes=3 {1.0 310mcc260mnc en_US ldltr sw360dp w360dp h567dp 480dpi nrml port finger -keyb/v/h -nav/h s.5}
D/PermissionCache(  931): checking android.permission.READ_FRAME_BUFFER for uid=1000 => granted (873 us)
E/gralloc_goldfish(  931): gralloc_alloc: Mismatched usage flags: 1080 x 1920, usage b33
W/GraphicBufferAllocator(  931): alloc(1080, 1920, 1, 00000b33, ...) failed -22 (Invalid argument)
E/        (  931): GraphicBufferAlloc::createGraphicBuffer(w=1080, h=1920) failed (Invalid argument), handle=0x0
E/BufferQueueProducer(  931): [ScreenshotSurface] dequeueBuffer: createGraphicBuffer failed
I/MainActivity( 1995): onPause event fired
I/MainActivity( 1995): onSOP event fired
E/MainActivity( 1995): We're going down, Captain!
I/MainActivity( 1995): onCreate event fired
I/MainActivity( 1995): onStart event fired
I/MainActivity( 1995): onResume event fired
W/SurfaceFlinger(  931): couldn't log to binary event log: overflow.
W/EGL_emulation( 1995): eglSurfaceAttrib not implemented
W/OpenGLRenderer( 1995): Failed to set EGL_SWAP_BEHAVIOR on surface 0xae1d8d60, error=EGL_SUCCESS
I/WindowManager( 1244): Screen frozen for +224ms due to Window{19e62e2d u0 NavigationBar}
D/Launcher.Model( 1462): Reload apps on config change. curr_mcc:310 prevmcc:0
I/Launcher( 1462): setLoadOnResume
D/GpsLocationProvider( 1244): received SIM realted action: android.intent.action.SIM_STATE_CHANGED
D/GpsLocationProvider( 1244): SIM MCC/MNC is still not available
D/GpsLocationProvider( 1244): received SIM realted action: android.intent.action.SIM_STATE_CHANGED
D/GpsLocationProvider( 1244): SIM MCC/MNC is still not available
D/MccTable( 1444): updateMccMncConfiguration mccmnc='' fromServiceState=false
D/GpsLocationProvider( 1244): received SIM realted action: android.intent.action.ACTION_SUBINFO_RECORD_UPDATED
D/GpsLocationProvider( 1244): SIM MCC/MNC is still not available
I/MmsService( 1444): mReceiver action: android.intent.action.ACTION_SUBINFO_RECORD_UPDATED
I/Telephony( 1444): : SUBINFO_RECORD_UPDATED : 4.
I/Telephony( 1444): PstnIncomingCallNotifier: Unregistering: Handler (com.android.internal.telephony.gsm.GSMPhone) {3da5a09b}
I/MmsService( 1444): MmsConfigManager.loadInBackground(): mcc/mnc: 310/260
I/MmsService( 1444): MmsConfigManager.load -- mcc/mnc for sub: {mSubId=1, mIccId=89014103211118510720 mSlotId=0 mDisplayName=SUB 01 mNameSource=0 mColor=0 mNumber=15555215554 mDisplayNumberFormat=1 mDataRoaming=0 mSimIconRes=[I@209fff5e mMcc 310 mMnc 260}
V/MmsService( 1444): MmsConfig: mUserAgent=, mUaProfUrl=
D/MmsService( 1444): MmsConfig.loadFromResources
V/MmsService( 1444): MmsConfig: all settings -- {smsToMmsTextThreshold=-1, httpParams=, maxImageWidth=2592, enabledMMS=true, maxImageHeight=1944, aliasEnabled=false, maxMessageSize=1048576, enableMMSReadReports=false, recipientLimit=2147483647, enabledNotifyWapMMSC=false, maxSubjectLength=40, smsToMmsTextLengthThreshold=-1, enableMMSDeliveryReports=false, uaProfTagName=x-wap-profile, enableMultipartSMS=true, aliasMinChars=2, supportMmsContentDisposition=true, allowAttachAudio=true, sendMultipartSmsAsSeparateMessages=false, maxMessageTextSize=-1, emailGatewayNumber=, enableGroupMms=true, aliasMaxChars=48, httpSocketTimeout=60000, config_cellBroadcastAppLinks=true, userAgent=, naiSuffix=, uaProfUrl=, enableSMSDeliveryReports=true, enabledTransID=false}
I/CalendarProvider2( 1971): Sending notification intent: Intent { act=android.intent.action.PROVIDER_CHANGED dat=content://com.android.calendar }
W/ContentResolver( 1971): Failed to get type for: content://com.android.calendar (Unknown URL content://com.android.calendar)
I/Telephony( 1444): PstnIncomingCallNotifier: Registering: Handler (com.android.internal.telephony.gsm.GSMPhone) {3da5a09b}
I/ActivityManager( 1244): Start proc com.android.mms for broadcast com.android.mms/.transaction.MmsSystemEventReceiver: pid=2050 uid=10010 gids={50010, 9997, 3003, 1028, 1015} abi=x86
E/SQLiteLog( 1376): (283) recovered 66 frames from WAL file /data/data/com.android.providers.media/databases/internal.db-wal
